Archive member included because of file (symbol)

./libcsud.a(device.keyboard.c.o)
                              build/keyboard.o (KeyboardGetAddress)
./libcsud.a(platform.c.o)     ./libcsud.a(device.keyboard.c.o) (MemoryAllocate)
./libcsud.a(usbd.c.o)         build/main.o (UsbInitialise)
./libcsud.a(device.hid.c.o)   ./libcsud.a(device.keyboard.c.o) (HidReadDevice)
./libcsud.a(device.hub.c.o)   ./libcsud.a(usbd.c.o) (HubPortReset)
./libcsud.a(hcd.designware20.c.o)
                              ./libcsud.a(usbd.c.o) (HcdSumbitControlMessage)
./libcsud.a(hcd.designware20.roothub.c.o)
                              ./libcsud.a(hcd.designware20.c.o) (HcdProcessRootHubMessage)
./libcsud.a(platform.armv6.c.o)
                              ./libcsud.a(hcd.designware20.c.o) (__aeabi_uidiv)
./libcsud.a(platform.broadcom2835.c.o)
                              ./libcsud.a(usbd.c.o) (MicroDelay)

Allocating common symbols
Common symbol       size              file

CorePhysical        0x4               ./libcsud.a(hcd.designware20.c.o)
DeviceNumbers       0x4               ./libcsud.a(usbd.c.o)
HostPhysical        0x4               ./libcsud.a(hcd.designware20.c.o)
keyboards           0x10              ./libcsud.a(device.keyboard.c.o)
PowerPhysical       0x4               ./libcsud.a(hcd.designware20.c.o)
Heap                0x4000            ./libcsud.a(platform.c.o)
Allocations         0xc00             ./libcsud.a(platform.c.o)

Discarded input sections

 .bss           0x0000000000000000        0x0 build/Dibujando.o
 .ARM.attributes
                0x0000000000000000       0x14 build/Dibujando.o
 .bss           0x0000000000000000        0x0 build/drawing.o
 .ARM.attributes
                0x0000000000000000       0x14 build/drawing.o
 .bss           0x0000000000000000        0x0 build/fondo.o
 .ARM.attributes
                0x0000000000000000       0x14 build/fondo.o
 .bss           0x0000000000000000        0x0 build/frameBuffer.o
 .ARM.attributes
                0x0000000000000000       0x14 build/frameBuffer.o
 .bss           0x0000000000000000        0x0 build/gpio.o
 .ARM.attributes
                0x0000000000000000       0x14 build/gpio.o
 .bss           0x0000000000000000        0x0 build/keyboard.o
 .ARM.attributes
                0x0000000000000000       0x14 build/keyboard.o
 .bss           0x0000000000000000        0x0 build/mailbox.o
 .ARM.attributes
                0x0000000000000000       0x14 build/mailbox.o
 .bss           0x0000000000000000        0x0 build/main.o
 .ARM.attributes
                0x0000000000000000       0x14 build/main.o
 .bss           0x0000000000000000        0x0 build/maths.o
 .ARM.attributes
                0x0000000000000000       0x14 build/maths.o
 .bss           0x0000000000000000        0x0 build/personaje.o
 .ARM.attributes
                0x0000000000000000       0x14 build/personaje.o
 .bss           0x0000000000000000        0x0 build/random.o
 .ARM.attributes
                0x0000000000000000       0x14 build/random.o
 .bss           0x0000000000000000        0x0 build/systemTimer.o
 .ARM.attributes
                0x0000000000000000       0x14 build/systemTimer.o
 .bss           0x0000000000000000        0x0 build/tags.o
 .ARM.attributes
                0x0000000000000000       0x14 build/tags.o
 .bss           0x0000000000000000        0x0 build/terminal.o
 .ARM.attributes
                0x0000000000000000       0x14 build/terminal.o
 .bss           0x0000000000000000        0x0 build/text.o
 .ARM.attributes
                0x0000000000000000       0x14 build/text.o

Memory Configuration

Name             Origin             Length             Attributes
*default*        0x0000000000000000 0xffffffffffffffff

Linker script and memory map

LOAD build/Dibujando.o
LOAD build/drawing.o
LOAD build/fondo.o
LOAD build/frameBuffer.o
LOAD build/gpio.o
LOAD build/keyboard.o
LOAD build/mailbox.o
LOAD build/main.o
LOAD build/maths.o
LOAD build/personaje.o
LOAD build/random.o
LOAD build/systemTimer.o
LOAD build/tags.o
LOAD build/terminal.o
LOAD build/text.o
LOAD ./libcsud.a

.init           0x0000000000008000        0x4
 *(.init)
 .init          0x0000000000008000        0x4 build/main.o
                0x0000000000008000                _start

.data           0x0000000000009000   0x1a6d82
 *(.data)
 .data          0x0000000000009000        0x0 build/Dibujando.o
 .data          0x0000000000009000      0x810 build/drawing.o
 .data          0x0000000000009810   0x180004 build/fondo.o
                0x0000000000009810                fondoHeight
                0x0000000000009812                fondoWidth
                0x0000000000009814                fondo
 *fill*         0x0000000000189814      0x7ec 
 .data          0x000000000018a000     0x1000 build/frameBuffer.o
                0x000000000018a000                FrameBufferInfo
 .data          0x000000000018b000        0x0 build/gpio.o
 .data          0x000000000018b000       0xe0 build/keyboard.o
 .data          0x000000000018b0e0        0x0 build/mailbox.o
 .data          0x000000000018b0e0        0x0 build/main.o
 .data          0x000000000018b0e0        0x0 build/maths.o
 .data          0x000000000018b0e0     0xda44 build/personaje.o
                0x000000000018b0e0                personaje_alto
                0x000000000018b0e2                personaje_ancho
                0x000000000018b0e4                Vert1
                0x000000000018e774                Vert2
                0x0000000000191e04                Vert3
                0x0000000000195494                Vert4
 .data          0x0000000000198b24        0x0 build/random.o
 .data          0x0000000000198b24        0x0 build/systemTimer.o
 .data          0x0000000000198b24       0x24 build/tags.o
 *fill*         0x0000000000198b48       0xb8 
 .data          0x0000000000198c00     0xb200 build/terminal.o
 .data          0x00000000001a3e00        0x0 build/text.o
 .data          0x00000000001a3e00        0x0 ./libcsud.a(device.keyboard.c.o)
 .data          0x00000000001a3e00        0x4 ./libcsud.a(platform.c.o)
                0x00000000001a3e00                FirstAllocation
 .data          0x00000000001a3e04        0x0 ./libcsud.a(usbd.c.o)
 .data          0x00000000001a3e04        0x0 ./libcsud.a(device.hid.c.o)
 .data          0x00000000001a3e04        0x0 ./libcsud.a(device.hub.c.o)
 .data          0x00000000001a3e04        0x0 ./libcsud.a(hcd.designware20.c.o)
 .data          0x00000000001a3e04       0x64 ./libcsud.a(hcd.designware20.roothub.c.o)
                0x00000000001a3e04                DeviceDescriptor
                0x00000000001a3e18                ConfigurationDescriptor
                0x00000000001a3e34                String0
                0x00000000001a3e38                String1
                0x00000000001a3e5c                HubDescriptor
 .data          0x00000000001a3e68        0x0 ./libcsud.a(platform.armv6.c.o)
 .data          0x00000000001a3e68        0x0 ./libcsud.a(platform.broadcom2835.c.o)
 *.c.o(*)
 .text          0x00000000001a3e68     0x1000 ./libcsud.a(device.keyboard.c.o)
                0x00000000001a3e68                KeyboardDetached
                0x00000000001a3ee4                KeyboardDeallocate
                0x00000000001a3f5c                KeyboardIndex
                0x00000000001a3fb4                KeyboardGetAddress
                0x00000000001a3ffc                KeyboardScan
                0x00000000001a46c8                KeyboardCount
                0x00000000001a46d8                KeyboardSetLeds
                0x00000000001a48f4                KeyboardGetLedSupport
                0x00000000001a4940                KeyboardPoll
                0x00000000001a4c84                KeyboardGetModifiers
                0x00000000001a4cd0                KeyboardGetKeyDownCount
                0x00000000001a4d34                KeyboadGetKeyIsDown
                0x00000000001a4dec                KeyboardGetKeyDown
 .bss           0x00000000001a4e68       0x14 ./libcsud.a(device.keyboard.c.o)
                0x00000000001a4e68                keyboardAddresses
                0x00000000001a4e78                keyboardCount
 .comment       0x00000000001a4e7c       0x11 ./libcsud.a(device.keyboard.c.o)
                                         0x12 (size before relaxing)
 .ARM.attributes
                0x00000000001a4e8d       0x32 ./libcsud.a(device.keyboard.c.o)
 *fill*         0x00000000001a4ebf        0x1 
 COMMON         0x00000000001a4ec0       0x10 ./libcsud.a(device.keyboard.c.o)
                0x00000000001a4ec0                keyboards
 .text          0x00000000001a4ed0      0x5c0 ./libcsud.a(platform.c.o)
                0x00000000001a4ed0                MemoryReserve
                0x00000000001a4ed8                MemoryAllocate
                0x00000000001a5328                MemoryDeallocate
                0x00000000001a5440                MemoryCopy
 .bss           0x00000000001a5490        0x8 ./libcsud.a(platform.c.o)
                0x00000000001a5490                FirstFreeAllocation
                0x00000000001a5494                allocated
 .comment       0x0000000000000000       0x12 ./libcsud.a(platform.c.o)
 .ARM.attributes
                0x00000000001a5498       0x32 ./libcsud.a(platform.c.o)
 *fill*         0x00000000001a54ca        0x6 
 COMMON         0x00000000001a54d0     0x4c00 ./libcsud.a(platform.c.o)
                0x00000000001a54d0                Heap
                0x00000000001a94d0                Allocations
 .text          0x00000000001aa0d0     0x10e8 ./libcsud.a(usbd.c.o)
                0x00000000001aa0d0                UsbGetRootHub
                0x00000000001aa0e0                UsbPrintDeviceTree
                0x00000000001aa1ac                UsbControlMessage
                0x00000000001aa2a4                UsbGetDescriptor
                0x00000000001aa390                UsbGetString
                0x00000000001aa3fc                UsbReadStringLang
                0x00000000001aa480                UsbReadString
                0x00000000001aa580                UsbReadDeviceDescriptor
                0x00000000001aa6c0                UsbSetAddress
                0x00000000001aa7a0                UsbSetConfiguration
                0x00000000001aa874                UsbConfigure
                0x00000000001aaa44                UsbGetDescription
                0x00000000001aacf4                UsbScanDevice
                0x00000000001aaf1c                UsbAllocateDevice
                0x00000000001aafd8                UsbDeallocateDevice
                0x00000000001ab0f0                UsbScanRootHub
                0x00000000001ab140                UsbInitialise
                0x00000000001ab19c                UsbCheckForChange
 .bss           0x00000000001ab1b8        0x4 ./libcsud.a(usbd.c.o)
                0x00000000001ab1b8                RootHub
 .rodata        0x00000000001ab1bc      0x248 ./libcsud.a(usbd.c.o)
 .rodata.str1.4
                0x00000000001ab404       0x10 ./libcsud.a(usbd.c.o)
 .comment       0x0000000000000000       0x12 ./libcsud.a(usbd.c.o)
 .ARM.attributes
                0x00000000001ab414       0x32 ./libcsud.a(usbd.c.o)
 *fill*         0x00000000001ab446        0x2 
 COMMON         0x00000000001ab448        0x4 ./libcsud.a(usbd.c.o)
                0x00000000001ab448                DeviceNumbers
 .text          0x00000000001ab44c     0x1b24 ./libcsud.a(device.hid.c.o)
                0x00000000001ab44c                HidEnumerateActionCountField
                0x00000000001ab574                HidDetached
                0x00000000001ab5b0                HidEnumerateActionAddField
                0x00000000001abdb8                HidDeallocate
                0x00000000001abf0c                HidEnumerateActionCountReport
                0x00000000001abfc4                HidGetReport
                0x00000000001ac080                HidSetReport
                0x00000000001ac130                BitSet
                0x00000000001ac25c                BitGetUnsigned
                0x00000000001ac364                BitGetSigned
                0x00000000001ac390                HidReadDevice
                0x00000000001ac58c                HidWriteDevice
                0x00000000001ac738                HidSetProtocol
                0x00000000001ac7e8                HidEnumerateReport
                0x00000000001ac940                HidParseReportDescriptor
                0x00000000001acc70                HidScan
                0x00000000001acf60                HidGetFieldValue
 .bss           0x00000000001acf70        0x0 ./libcsud.a(device.hid.c.o)
 .comment       0x0000000000000000       0x12 ./libcsud.a(device.hid.c.o)
 .ARM.attributes
                0x00000000001acf70       0x32 ./libcsud.a(device.hid.c.o)
 *fill*         0x00000000001acfa2        0x2 
 .text          0x00000000001acfa4      0xd34 ./libcsud.a(device.hub.c.o)
                0x00000000001acfa4                HubDetached
                0x00000000001ad044                HubDeallocate
                0x00000000001ad120                HubReadDescriptor
                0x00000000001ad218                HubGetStatus
                0x00000000001ad2f0                HubPortGetStatus
                0x00000000001ad3d0                HubChangeFeature
                0x00000000001ad484                HubChangePortFeature
                0x00000000001ad540                HubPowerOn
                0x00000000001ad5e8                HubPortReset
                0x00000000001ad6bc                HubPortConnectionChanged
                0x00000000001ad8c4                HubCheckConnection
                0x00000000001ad9f8                HubRecursiveCheck
                0x00000000001adac0                HubScan
 .bss           0x00000000001adcd8        0x0 ./libcsud.a(device.hub.c.o)
 .comment       0x0000000000000000       0x12 ./libcsud.a(device.hub.c.o)
 .ARM.attributes
                0x00000000001adcd8       0x32 ./libcsud.a(device.hub.c.o)
 *fill*         0x00000000001add0a        0x2 
 .text          0x00000000001add0c     0x160c ./libcsud.a(hcd.designware20.c.o)
                0x00000000001add0c                WriteThroughRegMask
                0x00000000001adda0                WriteThroughReg
                0x00000000001adda8                ReadBackReg
                0x00000000001ade4c                ClearReg
                0x00000000001adeb4                SetReg
                0x00000000001adf50                HcdReset
                0x00000000001ae000                HcdTransmitFifoFlush
                0x00000000001ae094                HcdReceiveFifoFlush
                0x00000000001ae10c                HcdPrepareChannel
                0x00000000001ae424                HcdTransmitChannel
                0x00000000001ae4d0                HcdChannelInterruptToError
                0x00000000001ae5ac                HcdChannelSendWaitOne
                0x00000000001ae868                HcdChannelSendWait
                0x00000000001ae980                HcdSumbitControlMessage
                0x00000000001aebc8                HcdInitialise
                0x00000000001aed5c                HcdStart
                0x00000000001af2b8                HcdStop
                0x00000000001af2dc                HcdDeinitialise
 .bss           0x00000000001af318       0x14 ./libcsud.a(hcd.designware20.c.o)
                0x00000000001af318                Core
                0x00000000001af31c                Host
                0x00000000001af320                Power
                0x00000000001af324                databuffer
                0x00000000001af328                PhyInitialised
 .comment       0x0000000000000000       0x12 ./libcsud.a(hcd.designware20.c.o)
 .ARM.attributes
                0x00000000001af32c       0x32 ./libcsud.a(hcd.designware20.c.o)
 *fill*         0x00000000001af35e        0x2 
 COMMON         0x00000000001af360        0xc ./libcsud.a(hcd.designware20.c.o)
                0x00000000001af360                CorePhysical
                0x00000000001af364                HostPhysical
                0x00000000001af368                PowerPhysical
 .text          0x00000000001af36c      0x6f0 ./libcsud.a(hcd.designware20.roothub.c.o)
                0x00000000001af36c                HcdProcessRootHubMessage
 .bss           0x00000000001afa5c        0x4 ./libcsud.a(hcd.designware20.roothub.c.o)
                0x00000000001afa5c                RootHubDeviceNumber
 .comment       0x0000000000000000       0x12 ./libcsud.a(hcd.designware20.roothub.c.o)
 .ARM.attributes
                0x00000000001afa60       0x32 ./libcsud.a(hcd.designware20.roothub.c.o)
 *fill*         0x00000000001afa92        0x2 
 .text          0x00000000001afa94      0x16c ./libcsud.a(platform.armv6.c.o)
                0x00000000001afa94                __aeabi_uidivmod
                0x00000000001afbc8                __aeabi_uidiv
 .bss           0x00000000001afc00        0x0 ./libcsud.a(platform.armv6.c.o)
 .comment       0x0000000000000000       0x12 ./libcsud.a(platform.armv6.c.o)
 .ARM.attributes
                0x00000000001afc00       0x32 ./libcsud.a(platform.armv6.c.o)
 *fill*         0x00000000001afc32        0x2 
 .text          0x00000000001afc34      0x11c ./libcsud.a(platform.broadcom2835.c.o)
                0x00000000001afc34                MicroDelay
                0x00000000001afca4                PowerOnUsb
 .bss           0x00000000001afd50        0x0 ./libcsud.a(platform.broadcom2835.c.o)
 .comment       0x0000000000000000       0x12 ./libcsud.a(platform.broadcom2835.c.o)
 .ARM.attributes
                0x00000000001afd50       0x32 ./libcsud.a(platform.broadcom2835.c.o)

.text           0x00000000001afd84      0xe20
 *.c.o(.text)
 *(.text)
 .text          0x00000000001afd84       0x70 build/Dibujando.o
                0x00000000001afd84                drawImagen
 .text          0x00000000001afdf4      0x1d4 build/drawing.o
                0x00000000001afdf4                SetForeColour
                0x00000000001afe0c                SetGraphicsAddress
                0x00000000001afe18                DrawPixel
                0x00000000001afe60                DrawLine
                0x00000000001afedc                DrawCharacter
                0x00000000001aff48                DrawString
 .text          0x00000000001affc8        0x0 build/fondo.o
 .text          0x00000000001affc8       0x60 build/frameBuffer.o
                0x00000000001affc8                InitialiseFrameBuffer
 .text          0x00000000001b0028       0x98 build/gpio.o
                0x00000000001b0028                GetGpioAddress
                0x00000000001b0030                SetGpioFunction
                0x00000000001b0080                SetGpio
 .text          0x00000000001b00c0      0x144 build/keyboard.o
                0x00000000001b00c0                KeyboardUpdate
                0x00000000001b0144                KeyWasDown
                0x00000000001b0174                KeyboardGetChar
 .text          0x00000000001b0204       0x6c build/mailbox.o
                0x00000000001b0204                GetMailboxBase
                0x00000000001b020c                MailboxRead
                0x00000000001b0240                MailboxWrite
 .text          0x00000000001b0270      0x2bc build/main.o
 .text          0x00000000001b052c       0x48 build/maths.o
                0x00000000001b052c                DivideU32
 .text          0x00000000001b0574        0x0 build/personaje.o
 .text          0x00000000001b0574       0x18 build/random.o
                0x00000000001b0574                Random
 .text          0x00000000001b058c       0x40 build/systemTimer.o
                0x00000000001b058c                GetSystemTimerBase
                0x00000000001b0594                GetTimeStamp
                0x00000000001b05a4                Wait
 .text          0x00000000001b05cc       0x74 build/tags.o
                0x00000000001b05cc                FindTag
 .text          0x00000000001b0640      0x380 build/terminal.o
                0x00000000001b0678                TerminalDisplay
                0x00000000001b0720                TerminalClear
                0x00000000001b0738                Counting
                0x00000000001b0790                CapsLock
                0x00000000001b07e0                Print
                0x00000000001b08b8                ReadLine
 .text          0x00000000001b09c0      0x1e4 build/text.o
                0x00000000001b09c0                ReverseString
                0x00000000001b09ec                UnsignedString
                0x00000000001b0a3c                SignedString
                0x00000000001b0a68                FormatString

/DISCARD/
 *(*)
OUTPUT(build/output.elf elf32-littlearm)
