Archive member included because of file (symbol)

./libcsud.a(device.keyboard.c.o)
                              build/keyboard.o (KeyboardGetAddress)
./libcsud.a(platform.c.o)     ./libcsud.a(device.keyboard.c.o) (MemoryAllocate)
./libcsud.a(usbd.c.o)         build/main.o (UsbInitialise)
./libcsud.a(device.hid.c.o)   ./libcsud.a(device.keyboard.c.o) (HidReadDevice)
./libcsud.a(device.hub.c.o)   ./libcsud.a(usbd.c.o) (HubPortReset)
./libcsud.a(hcd.designware20.c.o)
                              ./libcsud.a(usbd.c.o) (HcdSumbitControlMessage)
./libcsud.a(hcd.designware20.roothub.c.o)
                              ./libcsud.a(hcd.designware20.c.o) (HcdProcessRootHubMessage)
./libcsud.a(platform.armv6.c.o)
                              ./libcsud.a(hcd.designware20.c.o) (__aeabi_uidiv)
./libcsud.a(platform.broadcom2835.c.o)
                              ./libcsud.a(usbd.c.o) (MicroDelay)

Allocating common symbols
Common symbol       size              file

CorePhysical        0x4               ./libcsud.a(hcd.designware20.c.o)
DeviceNumbers       0x4               ./libcsud.a(usbd.c.o)
HostPhysical        0x4               ./libcsud.a(hcd.designware20.c.o)
keyboards           0x10              ./libcsud.a(device.keyboard.c.o)
PowerPhysical       0x4               ./libcsud.a(hcd.designware20.c.o)
Heap                0x4000            ./libcsud.a(platform.c.o)
Allocations         0xc00             ./libcsud.a(platform.c.o)

Discarded input sections

 .bss           0x0000000000000000        0x0 build/BluePower.o
 .ARM.attributes
                0x0000000000000000       0x14 build/BluePower.o
 .bss           0x0000000000000000        0x0 build/Division.o
 .ARM.attributes
                0x0000000000000000       0x14 build/Division.o
 .bss           0x0000000000000000        0x0 build/Fly1.o
 .ARM.attributes
                0x0000000000000000       0x14 build/Fly1.o
 .bss           0x0000000000000000        0x0 build/Fly2.o
 .ARM.attributes
                0x0000000000000000       0x14 build/Fly2.o
 .bss           0x0000000000000000        0x0 build/PinkPower.o
 .ARM.attributes
                0x0000000000000000       0x14 build/PinkPower.o
 .bss           0x0000000000000000        0x0 build/Slime1.o
 .ARM.attributes
                0x0000000000000000       0x14 build/Slime1.o
 .bss           0x0000000000000000        0x0 build/Slime2.o
 .ARM.attributes
                0x0000000000000000       0x14 build/Slime2.o
 .bss           0x0000000000000000        0x0 build/Snail1.o
 .ARM.attributes
                0x0000000000000000       0x14 build/Snail1.o
 .bss           0x0000000000000000        0x0 build/Snail2.o
 .ARM.attributes
                0x0000000000000000       0x14 build/Snail2.o
 .bss           0x0000000000000000        0x0 build/VertPower.o
 .ARM.attributes
                0x0000000000000000       0x14 build/VertPower.o
 .bss           0x0000000000000000        0x0 build/bg.o
 .ARM.attributes
                0x0000000000000000       0x14 build/bg.o
 .bss           0x0000000000000000        0x0 build/blueKey.o
 .ARM.attributes
                0x0000000000000000       0x14 build/blueKey.o
 .bss           0x0000000000000000        0x0 build/blueLock.o
 .ARM.attributes
                0x0000000000000000       0x14 build/blueLock.o
 .bss           0x0000000000000000        0x0 build/boss.o
 .ARM.attributes
                0x0000000000000000       0x14 build/boss.o
 .bss           0x0000000000000000        0x0 build/drawing.o
 .ARM.attributes
                0x0000000000000000       0x14 build/drawing.o
 .bss           0x0000000000000000        0x0 build/escena.o
 .ARM.attributes
                0x0000000000000000       0x14 build/escena.o
 .bss           0x0000000000000000        0x0 build/fin.o
 .ARM.attributes
                0x0000000000000000       0x14 build/fin.o
 .bss           0x0000000000000000        0x0 build/fondoHechicero.o
 .ARM.attributes
                0x0000000000000000       0x14 build/fondoHechicero.o
 .bss           0x0000000000000000        0x0 build/frameBuffer.o
 .ARM.attributes
                0x0000000000000000       0x14 build/frameBuffer.o
 .bss           0x0000000000000000        0x0 build/gpio.o
 .ARM.attributes
                0x0000000000000000       0x14 build/gpio.o
 .bss           0x0000000000000000        0x0 build/greenKey.o
 .ARM.attributes
                0x0000000000000000       0x14 build/greenKey.o
 .bss           0x0000000000000000        0x0 build/greenLock.o
 .ARM.attributes
                0x0000000000000000       0x14 build/greenLock.o
 .bss           0x0000000000000000        0x0 build/heartEmpty.o
 .ARM.attributes
                0x0000000000000000       0x14 build/heartEmpty.o
 .bss           0x0000000000000000        0x0 build/heartFull.o
 .ARM.attributes
                0x0000000000000000       0x14 build/heartFull.o
 .bss           0x0000000000000000        0x0 build/instrucciones.o
 .ARM.attributes
                0x0000000000000000       0x14 build/instrucciones.o
 .bss           0x0000000000000000        0x0 build/instrucciones2.o
 .ARM.attributes
                0x0000000000000000       0x14 build/instrucciones2.o
 .bss           0x0000000000000000        0x0 build/juego.o
 .ARM.attributes
                0x0000000000000000       0x14 build/juego.o
 .bss           0x0000000000000000        0x0 build/keyboard.o
 .ARM.attributes
                0x0000000000000000       0x14 build/keyboard.o
 .bss           0x0000000000000000        0x0 build/mailbox.o
 .ARM.attributes
                0x0000000000000000       0x14 build/mailbox.o
 .bss           0x0000000000000000        0x0 build/main.o
 .ARM.attributes
                0x0000000000000000       0x14 build/main.o
 .bss           0x0000000000000000        0x0 build/maths.o
 .ARM.attributes
                0x0000000000000000       0x14 build/maths.o
 .bss           0x0000000000000000        0x0 build/maze.o
 .ARM.attributes
                0x0000000000000000       0x14 build/maze.o
 .bss           0x0000000000000000        0x0 build/nivel1.o
 .ARM.attributes
                0x0000000000000000       0x14 build/nivel1.o
 .bss           0x0000000000000000        0x0 build/p1_1.o
 .ARM.attributes
                0x0000000000000000       0x14 build/p1_1.o
 .bss           0x0000000000000000        0x0 build/p1_2.o
 .ARM.attributes
                0x0000000000000000       0x14 build/p1_2.o
 .bss           0x0000000000000000        0x0 build/p1_3.o
 .ARM.attributes
                0x0000000000000000       0x14 build/p1_3.o
 .bss           0x0000000000000000        0x0 build/p2_1.o
 .ARM.attributes
                0x0000000000000000       0x14 build/p2_1.o
 .bss           0x0000000000000000        0x0 build/p2_2.o
 .ARM.attributes
                0x0000000000000000       0x14 build/p2_2.o
 .bss           0x0000000000000000        0x0 build/p2_3.o
 .ARM.attributes
                0x0000000000000000       0x14 build/p2_3.o
 .bss           0x0000000000000000        0x0 build/p3_1.o
 .ARM.attributes
                0x0000000000000000       0x14 build/p3_1.o
 .bss           0x0000000000000000        0x0 build/p3_2.o
 .ARM.attributes
                0x0000000000000000       0x14 build/p3_2.o
 .bss           0x0000000000000000        0x0 build/p3_3.o
 .ARM.attributes
                0x0000000000000000       0x14 build/p3_3.o
 .bss           0x0000000000000000        0x0 build/pantallaInicio.o
 .ARM.attributes
                0x0000000000000000       0x14 build/pantallaInicio.o
 .bss           0x0000000000000000        0x0 build/pantallaSeleccion.o
 .ARM.attributes
                0x0000000000000000       0x14 build/pantallaSeleccion.o
 .bss           0x0000000000000000        0x0 build/random.o
 .ARM.attributes
                0x0000000000000000       0x14 build/random.o
 .bss           0x0000000000000000        0x0 build/redKey.o
 .ARM.attributes
                0x0000000000000000       0x14 build/redKey.o
 .bss           0x0000000000000000        0x0 build/redLock.o
 .ARM.attributes
                0x0000000000000000       0x14 build/redLock.o
 .bss           0x0000000000000000        0x0 build/systemTimer.o
 .ARM.attributes
                0x0000000000000000       0x14 build/systemTimer.o
 .bss           0x0000000000000000        0x0 build/tags.o
 .ARM.attributes
                0x0000000000000000       0x14 build/tags.o
 .bss           0x0000000000000000        0x0 build/terminal.o
 .ARM.attributes
                0x0000000000000000       0x14 build/terminal.o
 .bss           0x0000000000000000        0x0 build/text.o
 .ARM.attributes
                0x0000000000000000       0x14 build/text.o
 .bss           0x0000000000000000        0x0 build/yellowKey.o
 .ARM.attributes
                0x0000000000000000       0x14 build/yellowKey.o
 .bss           0x0000000000000000        0x0 build/yellowLock.o
 .ARM.attributes
                0x0000000000000000       0x14 build/yellowLock.o

Memory Configuration

Name             Origin             Length             Attributes
*default*        0x0000000000000000 0xffffffffffffffff

Linker script and memory map

LOAD build/BluePower.o
LOAD build/Division.o
LOAD build/Fly1.o
LOAD build/Fly2.o
LOAD build/PinkPower.o
LOAD build/Slime1.o
LOAD build/Slime2.o
LOAD build/Snail1.o
LOAD build/Snail2.o
LOAD build/VertPower.o
LOAD build/bg.o
LOAD build/blueKey.o
LOAD build/blueLock.o
LOAD build/boss.o
LOAD build/drawing.o
LOAD build/escena.o
LOAD build/fin.o
LOAD build/fondoHechicero.o
LOAD build/frameBuffer.o
LOAD build/gpio.o
LOAD build/greenKey.o
LOAD build/greenLock.o
LOAD build/heartEmpty.o
LOAD build/heartFull.o
LOAD build/instrucciones.o
LOAD build/instrucciones2.o
LOAD build/juego.o
LOAD build/keyboard.o
LOAD build/mailbox.o
LOAD build/main.o
LOAD build/maths.o
LOAD build/maze.o
LOAD build/nivel1.o
LOAD build/p1_1.o
LOAD build/p1_2.o
LOAD build/p1_3.o
LOAD build/p2_1.o
LOAD build/p2_2.o
LOAD build/p2_3.o
LOAD build/p3_1.o
LOAD build/p3_2.o
LOAD build/p3_3.o
LOAD build/pantallaInicio.o
LOAD build/pantallaSeleccion.o
LOAD build/random.o
LOAD build/redKey.o
LOAD build/redLock.o
LOAD build/systemTimer.o
LOAD build/tags.o
LOAD build/terminal.o
LOAD build/text.o
LOAD build/yellowKey.o
LOAD build/yellowLock.o
LOAD ./libcsud.a

.init           0x0000000000008000        0x4
 *(.init)
 .init          0x0000000000008000        0x4 build/main.o
                0x0000000000008000                _start

.data           0x0000000000009000   0xc7511a
 *(.data)
 .data          0x0000000000009000     0x1146 build/BluePower.o
                0x0000000000009000                BluePowerHeight
                0x0000000000009002                BluePowerWidth
                0x0000000000009004                BluePower
 .data          0x000000000000a146        0x0 build/Division.o
 .data          0x000000000000a146     0x1444 build/Fly1.o
                0x000000000000a146                Fly1Height
                0x000000000000a148                Fly1Width
                0x000000000000a14a                Fly1
 .data          0x000000000000b58a     0x122e build/Fly2.o
                0x000000000000b58a                Fly2Height
                0x000000000000b58c                Fly2Width
                0x000000000000b58e                Fly2
 .data          0x000000000000c7b8     0x1146 build/PinkPower.o
                0x000000000000c7b8                PinkPowerHeight
                0x000000000000c7ba                PinkPowerWidth
                0x000000000000c7bc                PinkPower
 .data          0x000000000000d8fe      0xaf4 build/Slime1.o
                0x000000000000d8fe                Slime1Height
                0x000000000000d900                Slime1Width
                0x000000000000d902                Slime1
 .data          0x000000000000e3f2      0xa60 build/Slime2.o
                0x000000000000e3f2                Slime2Height
                0x000000000000e3f4                Slime2Width
                0x000000000000e3f6                Slime2
 .data          0x000000000000ee52      0xd18 build/Snail1.o
                0x000000000000ee52                Snail1Height
                0x000000000000ee54                Snail1Width
                0x000000000000ee56                Snail1
 .data          0x000000000000fb6a      0xdd2 build/Snail2.o
                0x000000000000fb6a                Snail2Height
                0x000000000000fb6c                Snail2Width
                0x000000000000fb6e                Snail2
 .data          0x000000000001093c     0x1146 build/VertPower.o
                0x000000000001093c                VertPowerHeight
                0x000000000001093e                VertPowerWidth
                0x0000000000010940                VertPower
 .data          0x0000000000011a82    0x20004 build/bg.o
                0x0000000000011a82                bgHeight
                0x0000000000011a84                bgWidth
                0x0000000000011a86                bg
 .data          0x0000000000031a86     0x2644 build/blueKey.o
                0x0000000000031a86                blueKeyHeight
                0x0000000000031a88                blueKeyWidth
                0x0000000000031a8a                blueKey
 .data          0x00000000000340ca     0x264c build/blueLock.o
                0x00000000000340ca                blueLockHeight
                0x00000000000340cc                blueLockWidth
                0x00000000000340ce                blueLock
 *fill*         0x0000000000036716        0x2 
 .data          0x0000000000036718       0x1c build/boss.o
                0x0000000000036718                ContadorPoderes
                0x000000000003671c                PosicionY
                0x0000000000036720                PosicionX1
                0x0000000000036724                PosicionX2
                0x0000000000036728                PosicionX3
                0x0000000000036730                PosicionX5
 *fill*         0x0000000000036734        0xc 
 .data          0x0000000000036740   0x180810 build/drawing.o
 .data          0x00000000001b6f50        0x0 build/escena.o
 .data          0x00000000001b6f50   0x180004 build/fin.o
                0x00000000001b6f50                finHeight
                0x00000000001b6f52                finWidth
                0x00000000001b6f54                fin
 .data          0x0000000000336f54   0x180004 build/fondoHechicero.o
                0x0000000000336f54                fondoHechiceroHeight
                0x0000000000336f56                fondoHechiceroWidth
                0x0000000000336f58                fondoHechicero
 *fill*         0x00000000004b6f58       0xa8 
 .data          0x00000000004b7000     0x1000 build/frameBuffer.o
                0x00000000004b7000                FrameBufferInfo
 .data          0x00000000004b8000        0x0 build/gpio.o
 .data          0x00000000004b8000     0x264c build/greenKey.o
                0x00000000004b8000                greenKeyHeight
                0x00000000004b8002                greenKeyWidth
                0x00000000004b8004                greenKey
 .data          0x00000000004ba64c     0x264c build/greenLock.o
                0x00000000004ba64c                greenLockHeight
                0x00000000004ba64e                greenLockWidth
                0x00000000004ba650                greenLock
 .data          0x00000000004bcc98     0x12a6 build/heartEmpty.o
                0x00000000004bcc98                heartEmptyHeight
                0x00000000004bcc9a                heartEmptyWidth
                0x00000000004bcc9c                heartEmpty
 .data          0x00000000004bdf3e     0x12a6 build/heartFull.o
                0x00000000004bdf3e                heartFullHeight
                0x00000000004bdf40                heartFullWidth
                0x00000000004bdf42                heartFull
 .data          0x00000000004bf1e4   0x180004 build/instrucciones.o
                0x00000000004bf1e4                instruccionesHeight
                0x00000000004bf1e6                instruccionesWidth
                0x00000000004bf1e8                instrucciones
 .data          0x000000000063f1e8   0x180004 build/instrucciones2.o
                0x000000000063f1e8                instrucciones2Height
                0x000000000063f1ea                instrucciones2Width
                0x000000000063f1ec                instrucciones2
 .data          0x00000000007bf1ec       0x14 build/juego.o
                0x00000000007bf1ec                Poderes
                0x00000000007bf1f0                direccionPersonaje1
                0x00000000007bf1f4                direccionPersonaje2
                0x00000000007bf1f8                direccionPersonaje3
                0x00000000007bf1fc                direccionPersonaje4
 .data          0x00000000007bf200       0xe0 build/keyboard.o
 .data          0x00000000007bf2e0        0x0 build/mailbox.o
 .data          0x00000000007bf2e0      0x22c build/main.o
 .data          0x00000000007bf50c        0x0 build/maths.o
 .data          0x00000000007bf50c       0x1c build/maze.o
                0x00000000007bf50c                CantVidas
                0x00000000007bf510                ColorAzul
                0x00000000007bf512                LlaveRoja
                0x00000000007bf516                LlaveAzul
                0x00000000007bf51a                LlaveAma
                0x00000000007bf51e                LlaveVert
                0x00000000007bf522                VerificarDone
 .data          0x00000000007bf528   0x180004 build/nivel1.o
                0x00000000007bf528                nivel1Height
                0x00000000007bf52a                nivel1Width
                0x00000000007bf52c                nivel1
 .data          0x000000000093f52c     0x3694 build/p1_1.o
                0x000000000093f52c                p1_1Height
                0x000000000093f52e                p1_1Width
                0x000000000093f530                p1_1
 .data          0x0000000000942bc0     0x3694 build/p1_2.o
                0x0000000000942bc0                p1_2Height
                0x0000000000942bc2                p1_2Width
                0x0000000000942bc4                p1_2
 .data          0x0000000000946254     0x3694 build/p1_3.o
                0x0000000000946254                p1_3Height
                0x0000000000946256                p1_3Width
                0x0000000000946258                p1_3
 .data          0x00000000009498e8     0x336c build/p2_1.o
                0x00000000009498e8                p2_1Height
                0x00000000009498ea                p2_1Width
                0x00000000009498ec                p2_1
 .data          0x000000000094cc54     0x336c build/p2_2.o
                0x000000000094cc54                p2_2Height
                0x000000000094cc56                p2_2Width
                0x000000000094cc58                p2_2
 .data          0x000000000094ffc0     0x336c build/p2_3.o
                0x000000000094ffc0                p2_3Height
                0x000000000094ffc2                p2_3Width
                0x000000000094ffc4                p2_3
 .data          0x000000000095332c     0x3694 build/p3_1.o
                0x000000000095332c                p3_1Height
                0x000000000095332e                p3_1Width
                0x0000000000953330                p3_1
 .data          0x00000000009569c0     0x3694 build/p3_2.o
                0x00000000009569c0                p3_2Height
                0x00000000009569c2                p3_2Width
                0x00000000009569c4                p3_2
 .data          0x000000000095a054     0x3694 build/p3_3.o
                0x000000000095a054                p3_3Height
                0x000000000095a056                p3_3Width
                0x000000000095a058                p3_3
 .data          0x000000000095d6e8   0x180004 build/pantallaInicio.o
                0x000000000095d6e8                pantallaInicioHeight
                0x000000000095d6ea                pantallaInicioWidth
                0x000000000095d6ec                pantallaInicio
 .data          0x0000000000add6ec   0x180004 build/pantallaSeleccion.o
                0x0000000000add6ec                pantallaSeleccionHeight
                0x0000000000add6ee                pantallaSeleccionWidth
                0x0000000000add6f0                pantallaSeleccion
 .data          0x0000000000c5d6f0        0x0 build/random.o
 .data          0x0000000000c5d6f0     0x264c build/redKey.o
                0x0000000000c5d6f0                redKeyHeight
                0x0000000000c5d6f2                redKeyWidth
                0x0000000000c5d6f4                redKey
 .data          0x0000000000c5fd3c     0x264c build/redLock.o
                0x0000000000c5fd3c                redLockHeight
                0x0000000000c5fd3e                redLockWidth
                0x0000000000c5fd40                redLock
 .data          0x0000000000c62388        0x0 build/systemTimer.o
 .data          0x0000000000c62388       0x24 build/tags.o
 *fill*         0x0000000000c623ac       0x54 
 .data          0x0000000000c62400     0xb100 build/terminal.o
 .data          0x0000000000c6d500        0x0 build/text.o
 .data          0x0000000000c6d500     0x264c build/yellowKey.o
                0x0000000000c6d500                yellowKeyHeight
                0x0000000000c6d502                yellowKeyWidth
                0x0000000000c6d504                yellowKey
 .data          0x0000000000c6fb4c     0x264c build/yellowLock.o
                0x0000000000c6fb4c                yellowLockHeight
                0x0000000000c6fb4e                yellowLockWidth
                0x0000000000c6fb50                yellowLock
 .data          0x0000000000c72198        0x0 ./libcsud.a(device.keyboard.c.o)
 .data          0x0000000000c72198        0x4 ./libcsud.a(platform.c.o)
                0x0000000000c72198                FirstAllocation
 .data          0x0000000000c7219c        0x0 ./libcsud.a(usbd.c.o)
 .data          0x0000000000c7219c        0x0 ./libcsud.a(device.hid.c.o)
 .data          0x0000000000c7219c        0x0 ./libcsud.a(device.hub.c.o)
 .data          0x0000000000c7219c        0x0 ./libcsud.a(hcd.designware20.c.o)
 .data          0x0000000000c7219c       0x64 ./libcsud.a(hcd.designware20.roothub.c.o)
                0x0000000000c7219c                DeviceDescriptor
                0x0000000000c721b0                ConfigurationDescriptor
                0x0000000000c721cc                String0
                0x0000000000c721d0                String1
                0x0000000000c721f4                HubDescriptor
 .data          0x0000000000c72200        0x0 ./libcsud.a(platform.armv6.c.o)
 .data          0x0000000000c72200        0x0 ./libcsud.a(platform.broadcom2835.c.o)
 *.c.o(*)
 .text          0x0000000000c72200     0x1000 ./libcsud.a(device.keyboard.c.o)
                0x0000000000c72200                KeyboardDetached
                0x0000000000c7227c                KeyboardDeallocate
                0x0000000000c722f4                KeyboardIndex
                0x0000000000c7234c                KeyboardGetAddress
                0x0000000000c72394                KeyboardScan
                0x0000000000c72a60                KeyboardCount
                0x0000000000c72a70                KeyboardSetLeds
                0x0000000000c72c8c                KeyboardGetLedSupport
                0x0000000000c72cd8                KeyboardPoll
                0x0000000000c7301c                KeyboardGetModifiers
                0x0000000000c73068                KeyboardGetKeyDownCount
                0x0000000000c730cc                KeyboadGetKeyIsDown
                0x0000000000c73184                KeyboardGetKeyDown
 .bss           0x0000000000c73200       0x14 ./libcsud.a(device.keyboard.c.o)
                0x0000000000c73200                keyboardAddresses
                0x0000000000c73210                keyboardCount
 .comment       0x0000000000c73214       0x11 ./libcsud.a(device.keyboard.c.o)
                                         0x12 (size before relaxing)
 .ARM.attributes
                0x0000000000c73225       0x32 ./libcsud.a(device.keyboard.c.o)
 *fill*         0x0000000000c73257        0x1 
 COMMON         0x0000000000c73258       0x10 ./libcsud.a(device.keyboard.c.o)
                0x0000000000c73258                keyboards
 .text          0x0000000000c73268      0x5c0 ./libcsud.a(platform.c.o)
                0x0000000000c73268                MemoryReserve
                0x0000000000c73270                MemoryAllocate
                0x0000000000c736c0                MemoryDeallocate
                0x0000000000c737d8                MemoryCopy
 .bss           0x0000000000c73828        0x8 ./libcsud.a(platform.c.o)
                0x0000000000c73828                FirstFreeAllocation
                0x0000000000c7382c                allocated
 .comment       0x0000000000000000       0x12 ./libcsud.a(platform.c.o)
 .ARM.attributes
                0x0000000000c73830       0x32 ./libcsud.a(platform.c.o)
 *fill*         0x0000000000c73862        0x6 
 COMMON         0x0000000000c73868     0x4c00 ./libcsud.a(platform.c.o)
                0x0000000000c73868                Heap
                0x0000000000c77868                Allocations
 .text          0x0000000000c78468     0x10e8 ./libcsud.a(usbd.c.o)
                0x0000000000c78468                UsbGetRootHub
                0x0000000000c78478                UsbPrintDeviceTree
                0x0000000000c78544                UsbControlMessage
                0x0000000000c7863c                UsbGetDescriptor
                0x0000000000c78728                UsbGetString
                0x0000000000c78794                UsbReadStringLang
                0x0000000000c78818                UsbReadString
                0x0000000000c78918                UsbReadDeviceDescriptor
                0x0000000000c78a58                UsbSetAddress
                0x0000000000c78b38                UsbSetConfiguration
                0x0000000000c78c0c                UsbConfigure
                0x0000000000c78ddc                UsbGetDescription
                0x0000000000c7908c                UsbScanDevice
                0x0000000000c792b4                UsbAllocateDevice
                0x0000000000c79370                UsbDeallocateDevice
                0x0000000000c79488                UsbScanRootHub
                0x0000000000c794d8                UsbInitialise
                0x0000000000c79534                UsbCheckForChange
 .bss           0x0000000000c79550        0x4 ./libcsud.a(usbd.c.o)
                0x0000000000c79550                RootHub
 .rodata        0x0000000000c79554      0x248 ./libcsud.a(usbd.c.o)
 .rodata.str1.4
                0x0000000000c7979c       0x10 ./libcsud.a(usbd.c.o)
 .comment       0x0000000000000000       0x12 ./libcsud.a(usbd.c.o)
 .ARM.attributes
                0x0000000000c797ac       0x32 ./libcsud.a(usbd.c.o)
 *fill*         0x0000000000c797de        0x2 
 COMMON         0x0000000000c797e0        0x4 ./libcsud.a(usbd.c.o)
                0x0000000000c797e0                DeviceNumbers
 .text          0x0000000000c797e4     0x1b24 ./libcsud.a(device.hid.c.o)
                0x0000000000c797e4                HidEnumerateActionCountField
                0x0000000000c7990c                HidDetached
                0x0000000000c79948                HidEnumerateActionAddField
                0x0000000000c7a150                HidDeallocate
                0x0000000000c7a2a4                HidEnumerateActionCountReport
                0x0000000000c7a35c                HidGetReport
                0x0000000000c7a418                HidSetReport
                0x0000000000c7a4c8                BitSet
                0x0000000000c7a5f4                BitGetUnsigned
                0x0000000000c7a6fc                BitGetSigned
                0x0000000000c7a728                HidReadDevice
                0x0000000000c7a924                HidWriteDevice
                0x0000000000c7aad0                HidSetProtocol
                0x0000000000c7ab80                HidEnumerateReport
                0x0000000000c7acd8                HidParseReportDescriptor
                0x0000000000c7b008                HidScan
                0x0000000000c7b2f8                HidGetFieldValue
 .bss           0x0000000000c7b308        0x0 ./libcsud.a(device.hid.c.o)
 .comment       0x0000000000000000       0x12 ./libcsud.a(device.hid.c.o)
 .ARM.attributes
                0x0000000000c7b308       0x32 ./libcsud.a(device.hid.c.o)
 *fill*         0x0000000000c7b33a        0x2 
 .text          0x0000000000c7b33c      0xd34 ./libcsud.a(device.hub.c.o)
                0x0000000000c7b33c                HubDetached
                0x0000000000c7b3dc                HubDeallocate
                0x0000000000c7b4b8                HubReadDescriptor
                0x0000000000c7b5b0                HubGetStatus
                0x0000000000c7b688                HubPortGetStatus
                0x0000000000c7b768                HubChangeFeature
                0x0000000000c7b81c                HubChangePortFeature
                0x0000000000c7b8d8                HubPowerOn
                0x0000000000c7b980                HubPortReset
                0x0000000000c7ba54                HubPortConnectionChanged
                0x0000000000c7bc5c                HubCheckConnection
                0x0000000000c7bd90                HubRecursiveCheck
                0x0000000000c7be58                HubScan
 .bss           0x0000000000c7c070        0x0 ./libcsud.a(device.hub.c.o)
 .comment       0x0000000000000000       0x12 ./libcsud.a(device.hub.c.o)
 .ARM.attributes
                0x0000000000c7c070       0x32 ./libcsud.a(device.hub.c.o)
 *fill*         0x0000000000c7c0a2        0x2 
 .text          0x0000000000c7c0a4     0x160c ./libcsud.a(hcd.designware20.c.o)
                0x0000000000c7c0a4                WriteThroughRegMask
                0x0000000000c7c138                WriteThroughReg
                0x0000000000c7c140                ReadBackReg
                0x0000000000c7c1e4                ClearReg
                0x0000000000c7c24c                SetReg
                0x0000000000c7c2e8                HcdReset
                0x0000000000c7c398                HcdTransmitFifoFlush
                0x0000000000c7c42c                HcdReceiveFifoFlush
                0x0000000000c7c4a4                HcdPrepareChannel
                0x0000000000c7c7bc                HcdTransmitChannel
                0x0000000000c7c868                HcdChannelInterruptToError
                0x0000000000c7c944                HcdChannelSendWaitOne
                0x0000000000c7cc00                HcdChannelSendWait
                0x0000000000c7cd18                HcdSumbitControlMessage
                0x0000000000c7cf60                HcdInitialise
                0x0000000000c7d0f4                HcdStart
                0x0000000000c7d650                HcdStop
                0x0000000000c7d674                HcdDeinitialise
 .bss           0x0000000000c7d6b0       0x14 ./libcsud.a(hcd.designware20.c.o)
                0x0000000000c7d6b0                Core
                0x0000000000c7d6b4                Host
                0x0000000000c7d6b8                Power
                0x0000000000c7d6bc                databuffer
                0x0000000000c7d6c0                PhyInitialised
 .comment       0x0000000000000000       0x12 ./libcsud.a(hcd.designware20.c.o)
 .ARM.attributes
                0x0000000000c7d6c4       0x32 ./libcsud.a(hcd.designware20.c.o)
 *fill*         0x0000000000c7d6f6        0x2 
 COMMON         0x0000000000c7d6f8        0xc ./libcsud.a(hcd.designware20.c.o)
                0x0000000000c7d6f8                CorePhysical
                0x0000000000c7d6fc                HostPhysical
                0x0000000000c7d700                PowerPhysical
 .text          0x0000000000c7d704      0x6f0 ./libcsud.a(hcd.designware20.roothub.c.o)
                0x0000000000c7d704                HcdProcessRootHubMessage
 .bss           0x0000000000c7ddf4        0x4 ./libcsud.a(hcd.designware20.roothub.c.o)
                0x0000000000c7ddf4                RootHubDeviceNumber
 .comment       0x0000000000000000       0x12 ./libcsud.a(hcd.designware20.roothub.c.o)
 .ARM.attributes
                0x0000000000c7ddf8       0x32 ./libcsud.a(hcd.designware20.roothub.c.o)
 *fill*         0x0000000000c7de2a        0x2 
 .text          0x0000000000c7de2c      0x16c ./libcsud.a(platform.armv6.c.o)
                0x0000000000c7de2c                __aeabi_uidivmod
                0x0000000000c7df60                __aeabi_uidiv
 .bss           0x0000000000c7df98        0x0 ./libcsud.a(platform.armv6.c.o)
 .comment       0x0000000000000000       0x12 ./libcsud.a(platform.armv6.c.o)
 .ARM.attributes
                0x0000000000c7df98       0x32 ./libcsud.a(platform.armv6.c.o)
 *fill*         0x0000000000c7dfca        0x2 
 .text          0x0000000000c7dfcc      0x11c ./libcsud.a(platform.broadcom2835.c.o)
                0x0000000000c7dfcc                MicroDelay
                0x0000000000c7e03c                PowerOnUsb
 .bss           0x0000000000c7e0e8        0x0 ./libcsud.a(platform.broadcom2835.c.o)
 .comment       0x0000000000000000       0x12 ./libcsud.a(platform.broadcom2835.c.o)
 .ARM.attributes
                0x0000000000c7e0e8       0x32 ./libcsud.a(platform.broadcom2835.c.o)

.text           0x0000000000c7e11c     0x2154
 *.c.o(.text)
 *(.text)
 .text          0x0000000000c7e11c        0x0 build/BluePower.o
 .text          0x0000000000c7e11c       0x2c build/Division.o
                0x0000000000c7e11c                Division
 .text          0x0000000000c7e148        0x0 build/Fly1.o
 .text          0x0000000000c7e148        0x0 build/Fly2.o
 .text          0x0000000000c7e148        0x0 build/PinkPower.o
 .text          0x0000000000c7e148        0x0 build/Slime1.o
 .text          0x0000000000c7e148        0x0 build/Slime2.o
 .text          0x0000000000c7e148        0x0 build/Snail1.o
 .text          0x0000000000c7e148        0x0 build/Snail2.o
 .text          0x0000000000c7e148        0x0 build/VertPower.o
 .text          0x0000000000c7e148        0x0 build/bg.o
 .text          0x0000000000c7e148        0x0 build/blueKey.o
 .text          0x0000000000c7e148        0x0 build/blueLock.o
 .text          0x0000000000c7e148      0x528 build/boss.o
                0x0000000000c7e148                jugarBoss
                0x0000000000c7e3cc                TirandoPoder
                0x0000000000c7e464                AnimandoPoderes
                0x0000000000c7e534                GetBackgroundColor2
                0x0000000000c7e560                DrawBackgroundRectangle2
                0x0000000000c7e5b4                drawImageWithTransparency2
 .text          0x0000000000c7e670      0x1f0 build/drawing.o
                0x0000000000c7e670                SetForeColour
                0x0000000000c7e688                DrawPixel
                0x0000000000c7e6e8                SetGraphicsAddress
                0x0000000000c7e6f4                DrawLine
                0x0000000000c7e770                DrawCharacter
                0x0000000000c7e7dc                DrawString
 .text          0x0000000000c7e860      0x428 build/escena.o
                0x0000000000c7e860                DrawCircle
                0x0000000000c7e8e8                DrawSquare
                0x0000000000c7e970                DrawRombo
                0x0000000000c7e9f8                DrawOctagono
                0x0000000000c7ea80                DrawRectangle
                0x0000000000c7eac0                DrawTriangle
 .text          0x0000000000c7ec88        0x0 build/fin.o
 .text          0x0000000000c7ec88        0x0 build/fondoHechicero.o
 .text          0x0000000000c7ec88       0x60 build/frameBuffer.o
                0x0000000000c7ec88                InitialiseFrameBuffer
 .text          0x0000000000c7ece8       0x98 build/gpio.o
                0x0000000000c7ece8                GetGpioAddress
                0x0000000000c7ecf0                SetGpioFunction
                0x0000000000c7ed40                SetGpio
 .text          0x0000000000c7ed80        0x0 build/greenKey.o
 .text          0x0000000000c7ed80        0x0 build/greenLock.o
 .text          0x0000000000c7ed80        0x0 build/heartEmpty.o
 .text          0x0000000000c7ed80        0x0 build/heartFull.o
 .text          0x0000000000c7ed80        0x0 build/instrucciones.o
 .text          0x0000000000c7ed80        0x0 build/instrucciones2.o
 .text          0x0000000000c7ed80      0x388 build/juego.o
                0x0000000000c7ed80                juego
                0x0000000000c7edb0                escogiendo
                0x0000000000c7eea4                laberinto
                0x0000000000c7f054                bossStage
 .text          0x0000000000c7f108      0x144 build/keyboard.o
                0x0000000000c7f108                KeyboardUpdate
                0x0000000000c7f18c                KeyWasDown
                0x0000000000c7f1bc                KeyboardGetChar
 .text          0x0000000000c7f24c       0x6c build/mailbox.o
                0x0000000000c7f24c                GetMailboxBase
                0x0000000000c7f254                MailboxRead
                0x0000000000c7f288                MailboxWrite
 .text          0x0000000000c7f2b8      0x1b0 build/main.o
 .text          0x0000000000c7f468       0x48 build/maths.o
                0x0000000000c7f468                DivideU32
 .text          0x0000000000c7f4b0      0x850 build/maze.o
                0x0000000000c7f4b0                jugarLaberinto
                0x0000000000c7f774                Choque
                0x0000000000c7f7fc                Buzz
                0x0000000000c7f82c                Vidas
                0x0000000000c7f89c                OnObject
                0x0000000000c7fa44                PaintingBG
                0x0000000000c7faa4                PaintingBGBlue
                0x0000000000c7fb00                DrawBackgroundRectangle
                0x0000000000c7fb54                drawImageWithTransparency
                0x0000000000c7fbc4                GetBackgroundColor
                0x0000000000c7fbf0                StoreColour
                0x0000000000c7fc20                RevisarPush
                0x0000000000c7fc50                removeImageWithBlack
 .text          0x0000000000c7fd00        0x0 build/nivel1.o
 .text          0x0000000000c7fd00        0x0 build/p1_1.o
 .text          0x0000000000c7fd00        0x0 build/p1_2.o
 .text          0x0000000000c7fd00        0x0 build/p1_3.o
 .text          0x0000000000c7fd00        0x0 build/p2_1.o
 .text          0x0000000000c7fd00        0x0 build/p2_2.o
 .text          0x0000000000c7fd00        0x0 build/p2_3.o
 .text          0x0000000000c7fd00        0x0 build/p3_1.o
 .text          0x0000000000c7fd00        0x0 build/p3_2.o
 .text          0x0000000000c7fd00        0x0 build/p3_3.o
 .text          0x0000000000c7fd00        0x0 build/pantallaInicio.o
 .text          0x0000000000c7fd00        0x0 build/pantallaSeleccion.o
 .text          0x0000000000c7fd00       0x18 build/random.o
                0x0000000000c7fd00                Random
 .text          0x0000000000c7fd18        0x0 build/redKey.o
 .text          0x0000000000c7fd18        0x0 build/redLock.o
 .text          0x0000000000c7fd18       0x40 build/systemTimer.o
                0x0000000000c7fd18                GetSystemTimerBase
                0x0000000000c7fd20                GetTimeStamp
                0x0000000000c7fd30                Wait
 .text          0x0000000000c7fd58       0x74 build/tags.o
                0x0000000000c7fd58                FindTag
 .text          0x0000000000c7fdcc      0x2c0 build/terminal.o
                0x0000000000c7fe04                TerminalDisplay
                0x0000000000c7feac                TerminalClear
                0x0000000000c7fec4                Print
                0x0000000000c7ff9c                ReadLine
 .text          0x0000000000c8008c      0x1e4 build/text.o
                0x0000000000c8008c                ReverseString
                0x0000000000c800b8                UnsignedString
                0x0000000000c80108                SignedString
                0x0000000000c80134                FormatString
 .text          0x0000000000c80270        0x0 build/yellowKey.o
 .text          0x0000000000c80270        0x0 build/yellowLock.o

/DISCARD/
 *(*)
OUTPUT(build/output.elf elf32-littlearm)
