Archive member included because of file (symbol)

./libcsud.a(device.keyboard.c.o)
                              build/keyboard.o (KeyboardGetAddress)
./libcsud.a(platform.c.o)     ./libcsud.a(device.keyboard.c.o) (MemoryAllocate)
./libcsud.a(usbd.c.o)         build/main.o (UsbInitialise)
./libcsud.a(device.hid.c.o)   ./libcsud.a(device.keyboard.c.o) (HidReadDevice)
./libcsud.a(device.hub.c.o)   ./libcsud.a(usbd.c.o) (HubPortReset)
./libcsud.a(hcd.designware20.c.o)
                              ./libcsud.a(usbd.c.o) (HcdSumbitControlMessage)
./libcsud.a(hcd.designware20.roothub.c.o)
                              ./libcsud.a(hcd.designware20.c.o) (HcdProcessRootHubMessage)
./libcsud.a(platform.armv6.c.o)
                              ./libcsud.a(hcd.designware20.c.o) (__aeabi_uidiv)
./libcsud.a(platform.broadcom2835.c.o)
                              ./libcsud.a(usbd.c.o) (MicroDelay)

Allocating common symbols
Common symbol       size              file

CorePhysical        0x4               ./libcsud.a(hcd.designware20.c.o)
DeviceNumbers       0x4               ./libcsud.a(usbd.c.o)
HostPhysical        0x4               ./libcsud.a(hcd.designware20.c.o)
keyboards           0x10              ./libcsud.a(device.keyboard.c.o)
PowerPhysical       0x4               ./libcsud.a(hcd.designware20.c.o)
Heap                0x4000            ./libcsud.a(platform.c.o)
Allocations         0xc00             ./libcsud.a(platform.c.o)

Discarded input sections

 .bss           0x0000000000000000        0x0 build/anim.o
 .ARM.attributes
                0x0000000000000000       0x14 build/anim.o
 .bss           0x0000000000000000        0x0 build/drawing.o
 .ARM.attributes
                0x0000000000000000       0x14 build/drawing.o
 .bss           0x0000000000000000        0x0 build/fondo.o
 .ARM.attributes
                0x0000000000000000       0x14 build/fondo.o
 .bss           0x0000000000000000        0x0 build/frameBuffer.o
 .ARM.attributes
                0x0000000000000000       0x14 build/frameBuffer.o
 .bss           0x0000000000000000        0x0 build/gpio.o
 .ARM.attributes
                0x0000000000000000       0x14 build/gpio.o
 .bss           0x0000000000000000        0x0 build/juego.o
 .ARM.attributes
                0x0000000000000000       0x14 build/juego.o
 .bss           0x0000000000000000        0x0 build/keyboard.o
 .ARM.attributes
                0x0000000000000000       0x14 build/keyboard.o
 .bss           0x0000000000000000        0x0 build/laberin.o
 .ARM.attributes
                0x0000000000000000       0x14 build/laberin.o
 .bss           0x0000000000000000        0x0 build/mailbox.o
 .ARM.attributes
                0x0000000000000000       0x14 build/mailbox.o
 .bss           0x0000000000000000        0x0 build/main.o
 .ARM.attributes
                0x0000000000000000       0x14 build/main.o
 .bss           0x0000000000000000        0x0 build/maths.o
 .ARM.attributes
                0x0000000000000000       0x14 build/maths.o
 .bss           0x0000000000000000        0x0 build/p1_1.o
 .ARM.attributes
                0x0000000000000000       0x14 build/p1_1.o
 .bss           0x0000000000000000        0x0 build/p1_2.o
 .ARM.attributes
                0x0000000000000000       0x14 build/p1_2.o
 .bss           0x0000000000000000        0x0 build/p1_3.o
 .ARM.attributes
                0x0000000000000000       0x14 build/p1_3.o
 .bss           0x0000000000000000        0x0 build/p2_1.o
 .ARM.attributes
                0x0000000000000000       0x14 build/p2_1.o
 .bss           0x0000000000000000        0x0 build/p2_2.o
 .ARM.attributes
                0x0000000000000000       0x14 build/p2_2.o
 .bss           0x0000000000000000        0x0 build/p2_3.o
 .ARM.attributes
                0x0000000000000000       0x14 build/p2_3.o
 .bss           0x0000000000000000        0x0 build/p3_1.o
 .ARM.attributes
                0x0000000000000000       0x14 build/p3_1.o
 .bss           0x0000000000000000        0x0 build/p3_2.o
 .ARM.attributes
                0x0000000000000000       0x14 build/p3_2.o
 .bss           0x0000000000000000        0x0 build/p3_3.o
 .ARM.attributes
                0x0000000000000000       0x14 build/p3_3.o
 .bss           0x0000000000000000        0x0 build/random.o
 .ARM.attributes
                0x0000000000000000       0x14 build/random.o
 .bss           0x0000000000000000        0x0 build/systemTimer.o
 .ARM.attributes
                0x0000000000000000       0x14 build/systemTimer.o
 .bss           0x0000000000000000        0x0 build/tags.o
 .ARM.attributes
                0x0000000000000000       0x14 build/tags.o
 .bss           0x0000000000000000        0x0 build/terminal.o
 .ARM.attributes
                0x0000000000000000       0x14 build/terminal.o
 .bss           0x0000000000000000        0x0 build/text.o
 .ARM.attributes
                0x0000000000000000       0x14 build/text.o

Memory Configuration

Name             Origin             Length             Attributes
*default*        0x0000000000000000 0xffffffffffffffff

Linker script and memory map

LOAD build/anim.o
LOAD build/drawing.o
LOAD build/fondo.o
LOAD build/frameBuffer.o
LOAD build/gpio.o
LOAD build/juego.o
LOAD build/keyboard.o
LOAD build/laberin.o
LOAD build/mailbox.o
LOAD build/main.o
LOAD build/maths.o
LOAD build/p1_1.o
LOAD build/p1_2.o
LOAD build/p1_3.o
LOAD build/p2_1.o
LOAD build/p2_2.o
LOAD build/p2_3.o
LOAD build/p3_1.o
LOAD build/p3_2.o
LOAD build/p3_3.o
LOAD build/random.o
LOAD build/systemTimer.o
LOAD build/tags.o
LOAD build/terminal.o
LOAD build/text.o
LOAD ./libcsud.a

.init           0x0000000000008000        0x4
 *(.init)
 .init          0x0000000000008000        0x4 build/main.o
                0x0000000000008000                _start

.data           0x0000000000009000   0x4b8582
 *(.data)
 .data          0x0000000000009000        0x0 build/anim.o
 .data          0x0000000000009000   0x180810 build/drawing.o
 .data          0x0000000000189810   0x180004 build/fondo.o
                0x0000000000189810                fondoHeight
                0x0000000000189812                fondoWidth
                0x0000000000189814                fondo
 *fill*         0x0000000000309814      0x7ec 
 .data          0x000000000030a000     0x1000 build/frameBuffer.o
                0x000000000030a000                FrameBufferInfo
 .data          0x000000000030b000        0x0 build/gpio.o
 .data          0x000000000030b000        0xc build/juego.o
                0x000000000030b000                direccionPersonaje1
                0x000000000030b004                direccionPersonaje2
                0x000000000030b008                direccionPersonaje3
 *fill*         0x000000000030b00c        0x4 
 .data          0x000000000030b010       0xe0 build/keyboard.o
 .data          0x000000000030b0f0   0x181004 build/laberin.o
                0x000000000030b0f0                laberinHeight
                0x000000000030b0f2                laberinWidth
                0x000000000030b0f4                laberin
 .data          0x000000000048c0f4        0x0 build/mailbox.o
 .data          0x000000000048c0f4      0x220 build/main.o
 .data          0x000000000048c314        0x0 build/maths.o
 .data          0x000000000048c314     0x3694 build/p1_1.o
                0x000000000048c314                p1_1Height
                0x000000000048c316                p1_1Width
                0x000000000048c318                p1_1
 .data          0x000000000048f9a8     0x3694 build/p1_2.o
                0x000000000048f9a8                p1_2Height
                0x000000000048f9aa                p1_2Width
                0x000000000048f9ac                p1_2
 .data          0x000000000049303c     0x3694 build/p1_3.o
                0x000000000049303c                p1_3Height
                0x000000000049303e                p1_3Width
                0x0000000000493040                p1_3
 .data          0x00000000004966d0     0x336c build/p2_1.o
                0x00000000004966d0                p2_1Height
                0x00000000004966d2                p2_1Width
                0x00000000004966d4                p2_1
 .data          0x0000000000499a3c     0x336c build/p2_2.o
                0x0000000000499a3c                p2_2Height
                0x0000000000499a3e                p2_2Width
                0x0000000000499a40                p2_2
 .data          0x000000000049cda8     0x336c build/p2_3.o
                0x000000000049cda8                p2_3Height
                0x000000000049cdaa                p2_3Width
                0x000000000049cdac                p2_3
 .data          0x00000000004a0114     0x3694 build/p3_1.o
                0x00000000004a0114                p3_1Height
                0x00000000004a0116                p3_1Width
                0x00000000004a0118                p3_1
 .data          0x00000000004a37a8     0x3694 build/p3_2.o
                0x00000000004a37a8                p3_2Height
                0x00000000004a37aa                p3_2Width
                0x00000000004a37ac                p3_2
 .data          0x00000000004a6e3c     0x3694 build/p3_3.o
                0x00000000004a6e3c                p3_3Height
                0x00000000004a6e3e                p3_3Width
                0x00000000004a6e40                p3_3
 .data          0x00000000004aa4d0        0x0 build/random.o
 .data          0x00000000004aa4d0        0x0 build/systemTimer.o
 .data          0x00000000004aa4d0       0x24 build/tags.o
 *fill*         0x00000000004aa4f4        0xc 
 .data          0x00000000004aa500     0xb100 build/terminal.o
 .data          0x00000000004b5600        0x0 build/text.o
 .data          0x00000000004b5600        0x0 ./libcsud.a(device.keyboard.c.o)
 .data          0x00000000004b5600        0x4 ./libcsud.a(platform.c.o)
                0x00000000004b5600                FirstAllocation
 .data          0x00000000004b5604        0x0 ./libcsud.a(usbd.c.o)
 .data          0x00000000004b5604        0x0 ./libcsud.a(device.hid.c.o)
 .data          0x00000000004b5604        0x0 ./libcsud.a(device.hub.c.o)
 .data          0x00000000004b5604        0x0 ./libcsud.a(hcd.designware20.c.o)
 .data          0x00000000004b5604       0x64 ./libcsud.a(hcd.designware20.roothub.c.o)
                0x00000000004b5604                DeviceDescriptor
                0x00000000004b5618                ConfigurationDescriptor
                0x00000000004b5634                String0
                0x00000000004b5638                String1
                0x00000000004b565c                HubDescriptor
 .data          0x00000000004b5668        0x0 ./libcsud.a(platform.armv6.c.o)
 .data          0x00000000004b5668        0x0 ./libcsud.a(platform.broadcom2835.c.o)
 *.c.o(*)
 .text          0x00000000004b5668     0x1000 ./libcsud.a(device.keyboard.c.o)
                0x00000000004b5668                KeyboardDetached
                0x00000000004b56e4                KeyboardDeallocate
                0x00000000004b575c                KeyboardIndex
                0x00000000004b57b4                KeyboardGetAddress
                0x00000000004b57fc                KeyboardScan
                0x00000000004b5ec8                KeyboardCount
                0x00000000004b5ed8                KeyboardSetLeds
                0x00000000004b60f4                KeyboardGetLedSupport
                0x00000000004b6140                KeyboardPoll
                0x00000000004b6484                KeyboardGetModifiers
                0x00000000004b64d0                KeyboardGetKeyDownCount
                0x00000000004b6534                KeyboadGetKeyIsDown
                0x00000000004b65ec                KeyboardGetKeyDown
 .bss           0x00000000004b6668       0x14 ./libcsud.a(device.keyboard.c.o)
                0x00000000004b6668                keyboardAddresses
                0x00000000004b6678                keyboardCount
 .comment       0x00000000004b667c       0x11 ./libcsud.a(device.keyboard.c.o)
                                         0x12 (size before relaxing)
 .ARM.attributes
                0x00000000004b668d       0x32 ./libcsud.a(device.keyboard.c.o)
 *fill*         0x00000000004b66bf        0x1 
 COMMON         0x00000000004b66c0       0x10 ./libcsud.a(device.keyboard.c.o)
                0x00000000004b66c0                keyboards
 .text          0x00000000004b66d0      0x5c0 ./libcsud.a(platform.c.o)
                0x00000000004b66d0                MemoryReserve
                0x00000000004b66d8                MemoryAllocate
                0x00000000004b6b28                MemoryDeallocate
                0x00000000004b6c40                MemoryCopy
 .bss           0x00000000004b6c90        0x8 ./libcsud.a(platform.c.o)
                0x00000000004b6c90                FirstFreeAllocation
                0x00000000004b6c94                allocated
 .comment       0x0000000000000000       0x12 ./libcsud.a(platform.c.o)
 .ARM.attributes
                0x00000000004b6c98       0x32 ./libcsud.a(platform.c.o)
 *fill*         0x00000000004b6cca        0x6 
 COMMON         0x00000000004b6cd0     0x4c00 ./libcsud.a(platform.c.o)
                0x00000000004b6cd0                Heap
                0x00000000004bacd0                Allocations
 .text          0x00000000004bb8d0     0x10e8 ./libcsud.a(usbd.c.o)
                0x00000000004bb8d0                UsbGetRootHub
                0x00000000004bb8e0                UsbPrintDeviceTree
                0x00000000004bb9ac                UsbControlMessage
                0x00000000004bbaa4                UsbGetDescriptor
                0x00000000004bbb90                UsbGetString
                0x00000000004bbbfc                UsbReadStringLang
                0x00000000004bbc80                UsbReadString
                0x00000000004bbd80                UsbReadDeviceDescriptor
                0x00000000004bbec0                UsbSetAddress
                0x00000000004bbfa0                UsbSetConfiguration
                0x00000000004bc074                UsbConfigure
                0x00000000004bc244                UsbGetDescription
                0x00000000004bc4f4                UsbScanDevice
                0x00000000004bc71c                UsbAllocateDevice
                0x00000000004bc7d8                UsbDeallocateDevice
                0x00000000004bc8f0                UsbScanRootHub
                0x00000000004bc940                UsbInitialise
                0x00000000004bc99c                UsbCheckForChange
 .bss           0x00000000004bc9b8        0x4 ./libcsud.a(usbd.c.o)
                0x00000000004bc9b8                RootHub
 .rodata        0x00000000004bc9bc      0x248 ./libcsud.a(usbd.c.o)
 .rodata.str1.4
                0x00000000004bcc04       0x10 ./libcsud.a(usbd.c.o)
 .comment       0x0000000000000000       0x12 ./libcsud.a(usbd.c.o)
 .ARM.attributes
                0x00000000004bcc14       0x32 ./libcsud.a(usbd.c.o)
 *fill*         0x00000000004bcc46        0x2 
 COMMON         0x00000000004bcc48        0x4 ./libcsud.a(usbd.c.o)
                0x00000000004bcc48                DeviceNumbers
 .text          0x00000000004bcc4c     0x1b24 ./libcsud.a(device.hid.c.o)
                0x00000000004bcc4c                HidEnumerateActionCountField
                0x00000000004bcd74                HidDetached
                0x00000000004bcdb0                HidEnumerateActionAddField
                0x00000000004bd5b8                HidDeallocate
                0x00000000004bd70c                HidEnumerateActionCountReport
                0x00000000004bd7c4                HidGetReport
                0x00000000004bd880                HidSetReport
                0x00000000004bd930                BitSet
                0x00000000004bda5c                BitGetUnsigned
                0x00000000004bdb64                BitGetSigned
                0x00000000004bdb90                HidReadDevice
                0x00000000004bdd8c                HidWriteDevice
                0x00000000004bdf38                HidSetProtocol
                0x00000000004bdfe8                HidEnumerateReport
                0x00000000004be140                HidParseReportDescriptor
                0x00000000004be470                HidScan
                0x00000000004be760                HidGetFieldValue
 .bss           0x00000000004be770        0x0 ./libcsud.a(device.hid.c.o)
 .comment       0x0000000000000000       0x12 ./libcsud.a(device.hid.c.o)
 .ARM.attributes
                0x00000000004be770       0x32 ./libcsud.a(device.hid.c.o)
 *fill*         0x00000000004be7a2        0x2 
 .text          0x00000000004be7a4      0xd34 ./libcsud.a(device.hub.c.o)
                0x00000000004be7a4                HubDetached
                0x00000000004be844                HubDeallocate
                0x00000000004be920                HubReadDescriptor
                0x00000000004bea18                HubGetStatus
                0x00000000004beaf0                HubPortGetStatus
                0x00000000004bebd0                HubChangeFeature
                0x00000000004bec84                HubChangePortFeature
                0x00000000004bed40                HubPowerOn
                0x00000000004bede8                HubPortReset
                0x00000000004beebc                HubPortConnectionChanged
                0x00000000004bf0c4                HubCheckConnection
                0x00000000004bf1f8                HubRecursiveCheck
                0x00000000004bf2c0                HubScan
 .bss           0x00000000004bf4d8        0x0 ./libcsud.a(device.hub.c.o)
 .comment       0x0000000000000000       0x12 ./libcsud.a(device.hub.c.o)
 .ARM.attributes
                0x00000000004bf4d8       0x32 ./libcsud.a(device.hub.c.o)
 *fill*         0x00000000004bf50a        0x2 
 .text          0x00000000004bf50c     0x160c ./libcsud.a(hcd.designware20.c.o)
                0x00000000004bf50c                WriteThroughRegMask
                0x00000000004bf5a0                WriteThroughReg
                0x00000000004bf5a8                ReadBackReg
                0x00000000004bf64c                ClearReg
                0x00000000004bf6b4                SetReg
                0x00000000004bf750                HcdReset
                0x00000000004bf800                HcdTransmitFifoFlush
                0x00000000004bf894                HcdReceiveFifoFlush
                0x00000000004bf90c                HcdPrepareChannel
                0x00000000004bfc24                HcdTransmitChannel
                0x00000000004bfcd0                HcdChannelInterruptToError
                0x00000000004bfdac                HcdChannelSendWaitOne
                0x00000000004c0068                HcdChannelSendWait
                0x00000000004c0180                HcdSumbitControlMessage
                0x00000000004c03c8                HcdInitialise
                0x00000000004c055c                HcdStart
                0x00000000004c0ab8                HcdStop
                0x00000000004c0adc                HcdDeinitialise
 .bss           0x00000000004c0b18       0x14 ./libcsud.a(hcd.designware20.c.o)
                0x00000000004c0b18                Core
                0x00000000004c0b1c                Host
                0x00000000004c0b20                Power
                0x00000000004c0b24                databuffer
                0x00000000004c0b28                PhyInitialised
 .comment       0x0000000000000000       0x12 ./libcsud.a(hcd.designware20.c.o)
 .ARM.attributes
                0x00000000004c0b2c       0x32 ./libcsud.a(hcd.designware20.c.o)
 *fill*         0x00000000004c0b5e        0x2 
 COMMON         0x00000000004c0b60        0xc ./libcsud.a(hcd.designware20.c.o)
                0x00000000004c0b60                CorePhysical
                0x00000000004c0b64                HostPhysical
                0x00000000004c0b68                PowerPhysical
 .text          0x00000000004c0b6c      0x6f0 ./libcsud.a(hcd.designware20.roothub.c.o)
                0x00000000004c0b6c                HcdProcessRootHubMessage
 .bss           0x00000000004c125c        0x4 ./libcsud.a(hcd.designware20.roothub.c.o)
                0x00000000004c125c                RootHubDeviceNumber
 .comment       0x0000000000000000       0x12 ./libcsud.a(hcd.designware20.roothub.c.o)
 .ARM.attributes
                0x00000000004c1260       0x32 ./libcsud.a(hcd.designware20.roothub.c.o)
 *fill*         0x00000000004c1292        0x2 
 .text          0x00000000004c1294      0x16c ./libcsud.a(platform.armv6.c.o)
                0x00000000004c1294                __aeabi_uidivmod
                0x00000000004c13c8                __aeabi_uidiv
 .bss           0x00000000004c1400        0x0 ./libcsud.a(platform.armv6.c.o)
 .comment       0x0000000000000000       0x12 ./libcsud.a(platform.armv6.c.o)
 .ARM.attributes
                0x00000000004c1400       0x32 ./libcsud.a(platform.armv6.c.o)
 *fill*         0x00000000004c1432        0x2 
 .text          0x00000000004c1434      0x11c ./libcsud.a(platform.broadcom2835.c.o)
                0x00000000004c1434                MicroDelay
                0x00000000004c14a4                PowerOnUsb
 .bss           0x00000000004c1550        0x0 ./libcsud.a(platform.broadcom2835.c.o)
 .comment       0x0000000000000000       0x12 ./libcsud.a(platform.broadcom2835.c.o)
 .ARM.attributes
                0x00000000004c1550       0x32 ./libcsud.a(platform.broadcom2835.c.o)

.text           0x00000000004c1584      0xfa8
 *.c.o(.text)
 *(.text)
 .text          0x00000000004c1584      0x24c build/anim.o
                0x00000000004c1584                Animacion
                0x00000000004c165c                DrawBackgroundRectangle
                0x00000000004c16b0                drawImageWithTransparency
                0x00000000004c1720                GetBackgroundColor
                0x00000000004c174c                removeImageWithBlack
 .text          0x00000000004c17d0      0x1f0 build/drawing.o
                0x00000000004c17d0                SetForeColour
                0x00000000004c17e8                DrawPixel
                0x00000000004c1848                SetGraphicsAddress
                0x00000000004c1854                DrawLine
                0x00000000004c18d0                DrawCharacter
                0x00000000004c193c                DrawString
 .text          0x00000000004c19c0        0x0 build/fondo.o
 .text          0x00000000004c19c0       0x60 build/frameBuffer.o
                0x00000000004c19c0                InitialiseFrameBuffer
 .text          0x00000000004c1a20       0x98 build/gpio.o
                0x00000000004c1a20                GetGpioAddress
                0x00000000004c1a28                SetGpioFunction
                0x00000000004c1a78                SetGpio
 .text          0x00000000004c1ab8      0x15c build/juego.o
                0x00000000004c1ab8                juego
                0x00000000004c1ae8                escogiendo
                0x00000000004c1b84                laberinto
 .text          0x00000000004c1c14      0x144 build/keyboard.o
                0x00000000004c1c14                KeyboardUpdate
                0x00000000004c1c98                KeyWasDown
                0x00000000004c1cc8                KeyboardGetChar
 .text          0x00000000004c1d58        0x0 build/laberin.o
 .text          0x00000000004c1d58       0x6c build/mailbox.o
                0x00000000004c1d58                GetMailboxBase
                0x00000000004c1d60                MailboxRead
                0x00000000004c1d94                MailboxWrite
 .text          0x00000000004c1dc4      0x1b0 build/main.o
 .text          0x00000000004c1f74       0x48 build/maths.o
                0x00000000004c1f74                DivideU32
 .text          0x00000000004c1fbc        0x0 build/p1_1.o
 .text          0x00000000004c1fbc        0x0 build/p1_2.o
 .text          0x00000000004c1fbc        0x0 build/p1_3.o
 .text          0x00000000004c1fbc        0x0 build/p2_1.o
 .text          0x00000000004c1fbc        0x0 build/p2_2.o
 .text          0x00000000004c1fbc        0x0 build/p2_3.o
 .text          0x00000000004c1fbc        0x0 build/p3_1.o
 .text          0x00000000004c1fbc        0x0 build/p3_2.o
 .text          0x00000000004c1fbc        0x0 build/p3_3.o
 .text          0x00000000004c1fbc       0x18 build/random.o
                0x00000000004c1fbc                Random
 .text          0x00000000004c1fd4       0x40 build/systemTimer.o
                0x00000000004c1fd4                GetSystemTimerBase
                0x00000000004c1fdc                GetTimeStamp
                0x00000000004c1fec                Wait
 .text          0x00000000004c2014       0x74 build/tags.o
                0x00000000004c2014                FindTag
 .text          0x00000000004c2088      0x2c0 build/terminal.o
                0x00000000004c20c0                TerminalDisplay
                0x00000000004c2168                TerminalClear
                0x00000000004c2180                Print
                0x00000000004c2258                ReadLine
 .text          0x00000000004c2348      0x1e4 build/text.o
                0x00000000004c2348                ReverseString
                0x00000000004c2374                UnsignedString
                0x00000000004c23c4                SignedString
                0x00000000004c23f0                FormatString

/DISCARD/
 *(*)
OUTPUT(build/output.elf elf32-littlearm)
