Archive member included because of file (symbol)

.\libcsud.a(device.keyboard.c.o)
                              build/keyboard.o (KeyboardGetAddress)
.\libcsud.a(platform.c.o)     .\libcsud.a(device.keyboard.c.o) (MemoryAllocate)
.\libcsud.a(usbd.c.o)         build/main.o (UsbInitialise)
.\libcsud.a(device.hid.c.o)   .\libcsud.a(device.keyboard.c.o) (HidReadDevice)
.\libcsud.a(device.hub.c.o)   .\libcsud.a(usbd.c.o) (HubPortReset)
.\libcsud.a(hcd.designware20.c.o)
                              .\libcsud.a(usbd.c.o) (HcdSumbitControlMessage)
.\libcsud.a(hcd.designware20.roothub.c.o)
                              .\libcsud.a(hcd.designware20.c.o) (HcdProcessRootHubMessage)
.\libcsud.a(platform.armv6.c.o)
                              .\libcsud.a(hcd.designware20.c.o) (__aeabi_uidiv)
.\libcsud.a(platform.broadcom2835.c.o)
                              .\libcsud.a(usbd.c.o) (MicroDelay)

Allocating common symbols
Common symbol       size              file

CorePhysical        0x4               .\libcsud.a(hcd.designware20.c.o)
DeviceNumbers       0x4               .\libcsud.a(usbd.c.o)
HostPhysical        0x4               .\libcsud.a(hcd.designware20.c.o)
keyboards           0x10              .\libcsud.a(device.keyboard.c.o)
PowerPhysical       0x4               .\libcsud.a(hcd.designware20.c.o)
Heap                0x4000            .\libcsud.a(platform.c.o)
Allocations         0xc00             .\libcsud.a(platform.c.o)

Discarded input sections

 .bss           0x00000000        0x0 build/anim.o
 .ARM.attributes
                0x00000000       0x14 build/anim.o
 .bss           0x00000000        0x0 build/bg.o
 .ARM.attributes
                0x00000000       0x14 build/bg.o
 .bss           0x00000000        0x0 build/Dibujando.o
 .ARM.attributes
                0x00000000       0x14 build/Dibujando.o
 .bss           0x00000000        0x0 build/drawing.o
 .ARM.attributes
                0x00000000       0x14 build/drawing.o
 .bss           0x00000000        0x0 build/fondo.o
 .ARM.attributes
                0x00000000       0x14 build/fondo.o
 .bss           0x00000000        0x0 build/fondoInicio.o
 .ARM.attributes
                0x00000000       0x14 build/fondoInicio.o
 .bss           0x00000000        0x0 build/fondoSeleccion.o
 .ARM.attributes
                0x00000000       0x14 build/fondoSeleccion.o
 .bss           0x00000000        0x0 build/frameBuffer.o
 .ARM.attributes
                0x00000000       0x14 build/frameBuffer.o
 .bss           0x00000000        0x0 build/gpio.o
 .ARM.attributes
                0x00000000       0x14 build/gpio.o
 .bss           0x00000000        0x0 build/juego.o
 .ARM.attributes
                0x00000000       0x14 build/juego.o
 .bss           0x00000000        0x0 build/keyboard.o
 .ARM.attributes
                0x00000000       0x14 build/keyboard.o
 .bss           0x00000000        0x0 build/mailbox.o
 .ARM.attributes
                0x00000000       0x14 build/mailbox.o
 .bss           0x00000000        0x0 build/main.o
 .ARM.attributes
                0x00000000       0x14 build/main.o
 .bss           0x00000000        0x0 build/maths.o
 .ARM.attributes
                0x00000000       0x14 build/maths.o
 .bss           0x00000000        0x0 build/nivel1.o
 .ARM.attributes
                0x00000000       0x14 build/nivel1.o
 .bss           0x00000000        0x0 build/p1_1.o
 .ARM.attributes
                0x00000000       0x14 build/p1_1.o
 .bss           0x00000000        0x0 build/p1_2.o
 .ARM.attributes
                0x00000000       0x14 build/p1_2.o
 .bss           0x00000000        0x0 build/p1_3.o
 .ARM.attributes
                0x00000000       0x14 build/p1_3.o
 .bss           0x00000000        0x0 build/p2_1.o
 .ARM.attributes
                0x00000000       0x14 build/p2_1.o
 .bss           0x00000000        0x0 build/p2_2.o
 .ARM.attributes
                0x00000000       0x14 build/p2_2.o
 .bss           0x00000000        0x0 build/p2_3.o
 .ARM.attributes
                0x00000000       0x14 build/p2_3.o
 .bss           0x00000000        0x0 build/p3_1.o
 .ARM.attributes
                0x00000000       0x14 build/p3_1.o
 .bss           0x00000000        0x0 build/p3_2.o
 .ARM.attributes
                0x00000000       0x14 build/p3_2.o
 .bss           0x00000000        0x0 build/p3_3.o
 .ARM.attributes
                0x00000000       0x14 build/p3_3.o
 .bss           0x00000000        0x0 build/random.o
 .ARM.attributes
                0x00000000       0x14 build/random.o
 .bss           0x00000000        0x0 build/systemTimer.o
 .ARM.attributes
                0x00000000       0x14 build/systemTimer.o
 .bss           0x00000000        0x0 build/tags.o
 .ARM.attributes
                0x00000000       0x14 build/tags.o
 .bss           0x00000000        0x0 build/terminal.o
 .ARM.attributes
                0x00000000       0x14 build/terminal.o
 .bss           0x00000000        0x0 build/text.o
 .ARM.attributes
                0x00000000       0x14 build/text.o

Memory Configuration

Name             Origin             Length             Attributes
*default*        0x00000000         0xffffffff

Linker script and memory map

LOAD build/anim.o
LOAD build/bg.o
LOAD build/Dibujando.o
LOAD build/drawing.o
LOAD build/fondo.o
LOAD build/fondoInicio.o
LOAD build/fondoSeleccion.o
LOAD build/frameBuffer.o
LOAD build/gpio.o
LOAD build/juego.o
LOAD build/keyboard.o
LOAD build/mailbox.o
LOAD build/main.o
LOAD build/maths.o
LOAD build/nivel1.o
LOAD build/p1_1.o
LOAD build/p1_2.o
LOAD build/p1_3.o
LOAD build/p2_1.o
LOAD build/p2_2.o
LOAD build/p2_3.o
LOAD build/p3_1.o
LOAD build/p3_2.o
LOAD build/p3_3.o
LOAD build/random.o
LOAD build/systemTimer.o
LOAD build/tags.o
LOAD build/terminal.o
LOAD build/text.o
LOAD .\libcsud.a

.init           0x00008000        0x4
 *(.init)
 .init          0x00008000        0x4 build/main.o
                0x00008000                _start

.data           0x00009000   0x7d8582
 *(.data)
 .data          0x00009000        0x0 build/anim.o
 .data          0x00009000    0x20004 build/bg.o
                0x00009000                bgHeight
                0x00009002                bgWidth
                0x00009004                bg
 .data          0x00029004        0x0 build/Dibujando.o
 *fill*         0x00029004        0xc 
 .data          0x00029010   0x180810 build/drawing.o
 .data          0x001a9820   0x180004 build/fondo.o
                0x001a9820                fondoHeight
                0x001a9822                fondoWidth
                0x001a9824                fondo
 .data          0x00329824   0x180004 build/fondoInicio.o
                0x00329824                fondoInicioHeight
                0x00329826                fondoInicioWidth
                0x00329828                fondoInicio
 .data          0x004a9828   0x181004 build/fondoSeleccion.o
                0x004a9828                fondoSeleccionHeight
                0x004a982a                fondoSeleccionWidth
                0x004a982c                fondoSeleccion
 *fill*         0x0062a82c      0x7d4 
 .data          0x0062b000     0x1000 build/frameBuffer.o
                0x0062b000                FrameBufferInfo
 .data          0x0062c000        0x0 build/gpio.o
 .data          0x0062c000       0x10 build/juego.o
                0x0062c000                direccionPersonaje1
                0x0062c004                direccionPersonaje2
                0x0062c008                direccionPersonaje3
                0x0062c00c                direccionPersonaje4
 .data          0x0062c010       0xe0 build/keyboard.o
 .data          0x0062c0f0        0x0 build/mailbox.o
 .data          0x0062c0f0      0x22c build/main.o
 .data          0x0062c31c        0x0 build/maths.o
 .data          0x0062c31c   0x180004 build/nivel1.o
                0x0062c31c                nivel1Height
                0x0062c31e                nivel1Width
                0x0062c320                nivel1
 .data          0x007ac320     0x3694 build/p1_1.o
                0x007ac320                p1_1Height
                0x007ac322                p1_1Width
                0x007ac324                p1_1
 .data          0x007af9b4     0x3694 build/p1_2.o
                0x007af9b4                p1_2Height
                0x007af9b6                p1_2Width
                0x007af9b8                p1_2
 .data          0x007b3048     0x3694 build/p1_3.o
                0x007b3048                p1_3Height
                0x007b304a                p1_3Width
                0x007b304c                p1_3
 .data          0x007b66dc     0x336c build/p2_1.o
                0x007b66dc                p2_1Height
                0x007b66de                p2_1Width
                0x007b66e0                p2_1
 .data          0x007b9a48     0x336c build/p2_2.o
                0x007b9a48                p2_2Height
                0x007b9a4a                p2_2Width
                0x007b9a4c                p2_2
 .data          0x007bcdb4     0x336c build/p2_3.o
                0x007bcdb4                p2_3Height
                0x007bcdb6                p2_3Width
                0x007bcdb8                p2_3
 .data          0x007c0120     0x3694 build/p3_1.o
                0x007c0120                p3_1Height
                0x007c0122                p3_1Width
                0x007c0124                p3_1
 .data          0x007c37b4     0x3694 build/p3_2.o
                0x007c37b4                p3_2Height
                0x007c37b6                p3_2Width
                0x007c37b8                p3_2
 .data          0x007c6e48     0x3694 build/p3_3.o
                0x007c6e48                p3_3Height
                0x007c6e4a                p3_3Width
                0x007c6e4c                p3_3
 .data          0x007ca4dc        0x0 build/random.o
 .data          0x007ca4dc        0x0 build/systemTimer.o
 .data          0x007ca4dc       0x24 build/tags.o
 .data          0x007ca500     0xb100 build/terminal.o
 .data          0x007d5600        0x0 build/text.o
 .data          0x007d5600        0x0 .\libcsud.a(device.keyboard.c.o)
 .data          0x007d5600        0x4 .\libcsud.a(platform.c.o)
                0x007d5600                FirstAllocation
 .data          0x007d5604        0x0 .\libcsud.a(usbd.c.o)
 .data          0x007d5604        0x0 .\libcsud.a(device.hid.c.o)
 .data          0x007d5604        0x0 .\libcsud.a(device.hub.c.o)
 .data          0x007d5604        0x0 .\libcsud.a(hcd.designware20.c.o)
 .data          0x007d5604       0x64 .\libcsud.a(hcd.designware20.roothub.c.o)
                0x007d5604                DeviceDescriptor
                0x007d5618                ConfigurationDescriptor
                0x007d5634                String0
                0x007d5638                String1
                0x007d565c                HubDescriptor
 .data          0x007d5668        0x0 .\libcsud.a(platform.armv6.c.o)
 .data          0x007d5668        0x0 .\libcsud.a(platform.broadcom2835.c.o)
 *.c.o(*)
 .text          0x007d5668     0x1000 .\libcsud.a(device.keyboard.c.o)
                0x007d5668                KeyboardDetached
                0x007d56e4                KeyboardDeallocate
                0x007d575c                KeyboardIndex
                0x007d57b4                KeyboardGetAddress
                0x007d57fc                KeyboardScan
                0x007d5ec8                KeyboardCount
                0x007d5ed8                KeyboardSetLeds
                0x007d60f4                KeyboardGetLedSupport
                0x007d6140                KeyboardPoll
                0x007d6484                KeyboardGetModifiers
                0x007d64d0                KeyboardGetKeyDownCount
                0x007d6534                KeyboadGetKeyIsDown
                0x007d65ec                KeyboardGetKeyDown
 .bss           0x007d6668       0x14 .\libcsud.a(device.keyboard.c.o)
                0x007d6668                keyboardAddresses
                0x007d6678                keyboardCount
 .comment       0x007d667c       0x11 .\libcsud.a(device.keyboard.c.o)
                                 0x12 (size before relaxing)
 .ARM.attributes
                0x007d668d       0x32 .\libcsud.a(device.keyboard.c.o)
 *fill*         0x007d66bf        0x1 
 COMMON         0x007d66c0       0x10 .\libcsud.a(device.keyboard.c.o)
                0x007d66c0                keyboards
 .text          0x007d66d0      0x5c0 .\libcsud.a(platform.c.o)
                0x007d66d0                MemoryReserve
                0x007d66d8                MemoryAllocate
                0x007d6b28                MemoryDeallocate
                0x007d6c40                MemoryCopy
 .bss           0x007d6c90        0x8 .\libcsud.a(platform.c.o)
                0x007d6c90                FirstFreeAllocation
                0x007d6c94                allocated
 .comment       0x00000000       0x12 .\libcsud.a(platform.c.o)
 .ARM.attributes
                0x007d6c98       0x32 .\libcsud.a(platform.c.o)
 *fill*         0x007d6cca        0x6 
 COMMON         0x007d6cd0     0x4c00 .\libcsud.a(platform.c.o)
                0x007d6cd0                Heap
                0x007dacd0                Allocations
 .text          0x007db8d0     0x10e8 .\libcsud.a(usbd.c.o)
                0x007db8d0                UsbGetRootHub
                0x007db8e0                UsbPrintDeviceTree
                0x007db9ac                UsbControlMessage
                0x007dbaa4                UsbGetDescriptor
                0x007dbb90                UsbGetString
                0x007dbbfc                UsbReadStringLang
                0x007dbc80                UsbReadString
                0x007dbd80                UsbReadDeviceDescriptor
                0x007dbec0                UsbSetAddress
                0x007dbfa0                UsbSetConfiguration
                0x007dc074                UsbConfigure
                0x007dc244                UsbGetDescription
                0x007dc4f4                UsbScanDevice
                0x007dc71c                UsbAllocateDevice
                0x007dc7d8                UsbDeallocateDevice
                0x007dc8f0                UsbScanRootHub
                0x007dc940                UsbInitialise
                0x007dc99c                UsbCheckForChange
 .bss           0x007dc9b8        0x4 .\libcsud.a(usbd.c.o)
                0x007dc9b8                RootHub
 .rodata        0x007dc9bc      0x248 .\libcsud.a(usbd.c.o)
 .rodata.str1.4
                0x007dcc04       0x10 .\libcsud.a(usbd.c.o)
 .comment       0x00000000       0x12 .\libcsud.a(usbd.c.o)
 .ARM.attributes
                0x007dcc14       0x32 .\libcsud.a(usbd.c.o)
 *fill*         0x007dcc46        0x2 
 COMMON         0x007dcc48        0x4 .\libcsud.a(usbd.c.o)
                0x007dcc48                DeviceNumbers
 .text          0x007dcc4c     0x1b24 .\libcsud.a(device.hid.c.o)
                0x007dcc4c                HidEnumerateActionCountField
                0x007dcd74                HidDetached
                0x007dcdb0                HidEnumerateActionAddField
                0x007dd5b8                HidDeallocate
                0x007dd70c                HidEnumerateActionCountReport
                0x007dd7c4                HidGetReport
                0x007dd880                HidSetReport
                0x007dd930                BitSet
                0x007dda5c                BitGetUnsigned
                0x007ddb64                BitGetSigned
                0x007ddb90                HidReadDevice
                0x007ddd8c                HidWriteDevice
                0x007ddf38                HidSetProtocol
                0x007ddfe8                HidEnumerateReport
                0x007de140                HidParseReportDescriptor
                0x007de470                HidScan
                0x007de760                HidGetFieldValue
 .bss           0x007de770        0x0 .\libcsud.a(device.hid.c.o)
 .comment       0x00000000       0x12 .\libcsud.a(device.hid.c.o)
 .ARM.attributes
                0x007de770       0x32 .\libcsud.a(device.hid.c.o)
 *fill*         0x007de7a2        0x2 
 .text          0x007de7a4      0xd34 .\libcsud.a(device.hub.c.o)
                0x007de7a4                HubDetached
                0x007de844                HubDeallocate
                0x007de920                HubReadDescriptor
                0x007dea18                HubGetStatus
                0x007deaf0                HubPortGetStatus
                0x007debd0                HubChangeFeature
                0x007dec84                HubChangePortFeature
                0x007ded40                HubPowerOn
                0x007dede8                HubPortReset
                0x007deebc                HubPortConnectionChanged
                0x007df0c4                HubCheckConnection
                0x007df1f8                HubRecursiveCheck
                0x007df2c0                HubScan
 .bss           0x007df4d8        0x0 .\libcsud.a(device.hub.c.o)
 .comment       0x00000000       0x12 .\libcsud.a(device.hub.c.o)
 .ARM.attributes
                0x007df4d8       0x32 .\libcsud.a(device.hub.c.o)
 *fill*         0x007df50a        0x2 
 .text          0x007df50c     0x160c .\libcsud.a(hcd.designware20.c.o)
                0x007df50c                WriteThroughRegMask
                0x007df5a0                WriteThroughReg
                0x007df5a8                ReadBackReg
                0x007df64c                ClearReg
                0x007df6b4                SetReg
                0x007df750                HcdReset
                0x007df800                HcdTransmitFifoFlush
                0x007df894                HcdReceiveFifoFlush
                0x007df90c                HcdPrepareChannel
                0x007dfc24                HcdTransmitChannel
                0x007dfcd0                HcdChannelInterruptToError
                0x007dfdac                HcdChannelSendWaitOne
                0x007e0068                HcdChannelSendWait
                0x007e0180                HcdSumbitControlMessage
                0x007e03c8                HcdInitialise
                0x007e055c                HcdStart
                0x007e0ab8                HcdStop
                0x007e0adc                HcdDeinitialise
 .bss           0x007e0b18       0x14 .\libcsud.a(hcd.designware20.c.o)
                0x007e0b18                Core
                0x007e0b1c                Host
                0x007e0b20                Power
                0x007e0b24                databuffer
                0x007e0b28                PhyInitialised
 .comment       0x00000000       0x12 .\libcsud.a(hcd.designware20.c.o)
 .ARM.attributes
                0x007e0b2c       0x32 .\libcsud.a(hcd.designware20.c.o)
 *fill*         0x007e0b5e        0x2 
 COMMON         0x007e0b60        0xc .\libcsud.a(hcd.designware20.c.o)
                0x007e0b60                CorePhysical
                0x007e0b64                HostPhysical
                0x007e0b68                PowerPhysical
 .text          0x007e0b6c      0x6f0 .\libcsud.a(hcd.designware20.roothub.c.o)
                0x007e0b6c                HcdProcessRootHubMessage
 .bss           0x007e125c        0x4 .\libcsud.a(hcd.designware20.roothub.c.o)
                0x007e125c                RootHubDeviceNumber
 .comment       0x00000000       0x12 .\libcsud.a(hcd.designware20.roothub.c.o)
 .ARM.attributes
                0x007e1260       0x32 .\libcsud.a(hcd.designware20.roothub.c.o)
 *fill*         0x007e1292        0x2 
 .text          0x007e1294      0x16c .\libcsud.a(platform.armv6.c.o)
                0x007e1294                __aeabi_uidivmod
                0x007e13c8                __aeabi_uidiv
 .bss           0x007e1400        0x0 .\libcsud.a(platform.armv6.c.o)
 .comment       0x00000000       0x12 .\libcsud.a(platform.armv6.c.o)
 .ARM.attributes
                0x007e1400       0x32 .\libcsud.a(platform.armv6.c.o)
 *fill*         0x007e1432        0x2 
 .text          0x007e1434      0x11c .\libcsud.a(platform.broadcom2835.c.o)
                0x007e1434                MicroDelay
                0x007e14a4                PowerOnUsb
 .bss           0x007e1550        0x0 .\libcsud.a(platform.broadcom2835.c.o)
 .comment       0x00000000       0x12 .\libcsud.a(platform.broadcom2835.c.o)
 .ARM.attributes
                0x007e1550       0x32 .\libcsud.a(platform.broadcom2835.c.o)

.text           0x007e1584     0x12e8
 *.c.o(.text)
 *(.text)
 .text          0x007e1584      0x418 build/anim.o
                0x007e1584                Caminar
                0x007e17c8                Choque
                0x007e1824                DrawBackgroundRectangle
                0x007e1878                drawImageWithTransparency
                0x007e18e8                GetBackgroundColor
                0x007e1914                removeImageWithBlack
 .text          0x007e199c        0x0 build/bg.o
 .text          0x007e199c      0x124 build/Dibujando.o
                0x007e199c                drawImagen
 .text          0x007e1ac0      0x1f0 build/drawing.o
                0x007e1ac0                SetForeColour
                0x007e1ad8                DrawPixel
                0x007e1b38                SetGraphicsAddress
                0x007e1b44                DrawLine
                0x007e1bc0                DrawCharacter
                0x007e1c2c                DrawString
 .text          0x007e1cb0        0x0 build/fondo.o
 .text          0x007e1cb0        0x0 build/fondoInicio.o
 .text          0x007e1cb0        0x0 build/fondoSeleccion.o
 .text          0x007e1cb0       0x60 build/frameBuffer.o
                0x007e1cb0                InitialiseFrameBuffer
 .text          0x007e1d10       0x98 build/gpio.o
                0x007e1d10                GetGpioAddress
                0x007e1d18                SetGpioFunction
                0x007e1d68                SetGpio
 .text          0x007e1da8      0x1ac build/juego.o
                0x007e1da8                juego
                0x007e1dd8                escogiendo
                0x007e1ea8                laberinto
 .text          0x007e1f54      0x144 build/keyboard.o
                0x007e1f54                KeyboardUpdate
                0x007e1fd8                KeyWasDown
                0x007e2008                KeyboardGetChar
 .text          0x007e2098       0x6c build/mailbox.o
                0x007e2098                GetMailboxBase
                0x007e20a0                MailboxRead
                0x007e20d4                MailboxWrite
 .text          0x007e2104      0x1b0 build/main.o
 .text          0x007e22b4       0x48 build/maths.o
                0x007e22b4                DivideU32
 .text          0x007e22fc        0x0 build/nivel1.o
 .text          0x007e22fc        0x0 build/p1_1.o
 .text          0x007e22fc        0x0 build/p1_2.o
 .text          0x007e22fc        0x0 build/p1_3.o
 .text          0x007e22fc        0x0 build/p2_1.o
 .text          0x007e22fc        0x0 build/p2_2.o
 .text          0x007e22fc        0x0 build/p2_3.o
 .text          0x007e22fc        0x0 build/p3_1.o
 .text          0x007e22fc        0x0 build/p3_2.o
 .text          0x007e22fc        0x0 build/p3_3.o
 .text          0x007e22fc       0x18 build/random.o
                0x007e22fc                Random
 .text          0x007e2314       0x40 build/systemTimer.o
                0x007e2314                GetSystemTimerBase
                0x007e231c                GetTimeStamp
                0x007e232c                Wait
 .text          0x007e2354       0x74 build/tags.o
                0x007e2354                FindTag
 .text          0x007e23c8      0x2c0 build/terminal.o
                0x007e2400                TerminalDisplay
                0x007e24a8                TerminalClear
                0x007e24c0                Print
                0x007e2598                ReadLine
 .text          0x007e2688      0x1e4 build/text.o
                0x007e2688                ReverseString
                0x007e26b4                UnsignedString
                0x007e2704                SignedString
                0x007e2730                FormatString

/DISCARD/
 *(*)
OUTPUT(build/output.elf elf32-littlearm)
